Archive member included because of file (symbol)

/home/einar/px4_firmware/src/Firmware/build_px4fmu-v2_default/px4io-v2/NuttX/nuttx-export/libs/libnuttx.a(sched-irq_attach.o)
                              CMakeFiles/px4io-v2.dir/__/__/drivers/stm32/drv_hrt.c.obj (irq_attach)
/home/einar/px4_firmware/src/Firmware/build_px4fmu-v2_default/px4io-v2/NuttX/nuttx-export/libs/libnuttx.a(sched-irq_initialize.o)
                              /home/einar/px4_firmware/src/Firmware/build_px4fmu-v2_default/px4io-v2/NuttX/nuttx-export/libs/libnuttx.a(sched-irq_attach.o) (g_irqvector)
/home/einar/px4_firmware/src/Firmware/build_px4fmu-v2_default/px4io-v2/NuttX/nuttx-export/libs/libnuttx.a(sched-irq_unexpectedisr.o)
                              /home/einar/px4_firmware/src/Firmware/build_px4fmu-v2_default/px4io-v2/NuttX/nuttx-export/libs/libnuttx.a(sched-irq_attach.o) (irq_unexpected_isr)
/home/einar/px4_firmware/src/Firmware/build_px4fmu-v2_default/px4io-v2/NuttX/nuttx-export/libs/libnuttx.a(c-lib_abort.o)
                              (abort)
/home/einar/px4_firmware/src/Firmware/build_px4fmu-v2_default/px4io-v2/NuttX/nuttx-export/libs/libnuttx.a(c-lib_cfsetspeed.o)
                              CMakeFiles/px4io-v2.dir/dsm.c.obj (cfsetspeed)
/home/einar/px4_firmware/src/Firmware/build_px4fmu-v2_default/px4io-v2/NuttX/nuttx-export/libs/libnuttx.a(c-lib_crc32.o)
                              CMakeFiles/px4io-v2.dir/px4io.c.obj (crc32part)
/home/einar/px4_firmware/src/Firmware/build_px4fmu-v2_default/px4io-v2/NuttX/nuttx-export/libs/libnuttx.a(c-lib_dprintf.o)
                              CMakeFiles/px4io-v2.dir/__/systemlib/perf_counter.c.obj (dprintf)
/home/einar/px4_firmware/src/Firmware/build_px4fmu-v2_default/px4io-v2/NuttX/nuttx-export/libs/libnuttx.a(c-lib_lowsyslog.o)
                              CMakeFiles/px4io-v2.dir/px4io.c.obj (lowsyslog)
/home/einar/px4_firmware/src/Firmware/build_px4fmu-v2_default/px4io-v2/NuttX/nuttx-export/libs/libnuttx.a(c-lib_memchr.o)
                              CMakeFiles/px4io-v2.dir/__/systemlib/mixer/mixer.cpp.obj (memchr)
/home/einar/px4_firmware/src/Firmware/build_px4fmu-v2_default/px4io-v2/NuttX/nuttx-export/libs/libnuttx.a(c-lib_memcpy.o)
                              CMakeFiles/px4io-v2.dir/mixer.cpp.obj (memcpy)
/home/einar/px4_firmware/src/Firmware/build_px4fmu-v2_default/px4io-v2/NuttX/nuttx-export/libs/libnuttx.a(c-lib_memset.o)
                              CMakeFiles/px4io-v2.dir/registers.c.obj (memset)
/home/einar/px4_firmware/src/Firmware/build_px4fmu-v2_default/px4io-v2/NuttX/nuttx-export/libs/libnuttx.a(c-lib_printf.o)
                              CMakeFiles/px4io-v2.dir/__/systemlib/perf_counter.c.obj (printf)
/home/einar/px4_firmware/src/Firmware/build_px4fmu-v2_default/px4io-v2/NuttX/nuttx-export/libs/libnuttx.a(c-lib_sscanf.o)
                              CMakeFiles/px4io-v2.dir/__/systemlib/mixer/mixer_multirotor.cpp.obj (sscanf)
/home/einar/px4_firmware/src/Firmware/build_px4fmu-v2_default/px4io-v2/NuttX/nuttx-export/libs/libnuttx.a(c-lib_strchr.o)
                              /home/einar/px4_firmware/src/Firmware/build_px4fmu-v2_default/px4io-v2/NuttX/nuttx-export/libs/libnuttx.a(c-lib_sscanf.o) (strchr)
/home/einar/px4_firmware/src/Firmware/build_px4fmu-v2_default/px4io-v2/NuttX/nuttx-export/libs/libnuttx.a(c-lib_strcmp.o)
                              CMakeFiles/px4io-v2.dir/__/systemlib/perf_counter.c.obj (strcmp)
/home/einar/px4_firmware/src/Firmware/build_px4fmu-v2_default/px4io-v2/NuttX/nuttx-export/libs/libnuttx.a(c-lib_strcspn.o)
                              /home/einar/px4_firmware/src/Firmware/build_px4fmu-v2_default/px4io-v2/NuttX/nuttx-export/libs/libnuttx.a(c-lib_sscanf.o) (strcspn)
/home/einar/px4_firmware/src/Firmware/build_px4fmu-v2_default/px4io-v2/NuttX/nuttx-export/libs/libnuttx.a(c-lib_strncpy.o)
                              /home/einar/px4_firmware/src/Firmware/build_px4fmu-v2_default/px4io-v2/NuttX/nuttx-export/libs/libnuttx.a(c-lib_sscanf.o) (strncpy)
/home/einar/px4_firmware/src/Firmware/build_px4fmu-v2_default/px4io-v2/NuttX/nuttx-export/libs/libnuttx.a(c-lib_strtol.o)
                              /home/einar/px4_firmware/src/Firmware/build_px4fmu-v2_default/px4io-v2/NuttX/nuttx-export/libs/libnuttx.a(c-lib_sscanf.o) (strtol)
/home/einar/px4_firmware/src/Firmware/build_px4fmu-v2_default/px4io-v2/NuttX/nuttx-export/libs/libnuttx.a(c-lib_strtoul.o)
                              /home/einar/px4_firmware/src/Firmware/build_px4fmu-v2_default/px4io-v2/NuttX/nuttx-export/libs/libnuttx.a(c-lib_strtol.o) (strtoul)
/home/einar/px4_firmware/src/Firmware/build_px4fmu-v2_default/px4io-v2/NuttX/nuttx-export/libs/libnuttx.a(c-lib_syslog.o)
                              /home/einar/px4_firmware/src/Firmware/build_px4fmu-v2_default/px4io-v2/NuttX/nuttx-export/libs/libnuttx.a(c-lib_printf.o) (vsyslog)
/home/einar/px4_firmware/src/Firmware/build_px4fmu-v2_default/px4io-v2/NuttX/nuttx-export/libs/libnuttx.a(c-lib_tcgetattr.o)
[...]
Memory Configuration

Name             Origin             Length             Attributes
flash            0x0000000008001000 0x000000000000f000 xr
sram             0x0000000020000000 0x0000000000002000 xrw
*default*        0x0000000000000000 0xffffffffffffffff

Linker script and memory map

LOAD CMakeFiles/px4io-v2.dir/adc.c.obj
LOAD CMakeFiles/px4io-v2.dir/controls.c.obj
LOAD CMakeFiles/px4io-v2.dir/dsm.c.obj
LOAD CMakeFiles/px4io-v2.dir/px4io.c.obj
LOAD CMakeFiles/px4io-v2.dir/registers.c.obj
LOAD CMakeFiles/px4io-v2.dir/safety.c.obj
LOAD CMakeFiles/px4io-v2.dir/sbus.c.obj
LOAD CMakeFiles/px4io-v2.dir/__/systemlib/up_cxxinitialize.c.obj
LOAD CMakeFiles/px4io-v2.dir/__/systemlib/perf_counter.c.obj
LOAD CMakeFiles/px4io-v2.dir/mixer.cpp.obj
LOAD CMakeFiles/px4io-v2.dir/__/systemlib/mixer/mixer.cpp.obj
LOAD CMakeFiles/px4io-v2.dir/__/systemlib/mixer/mixer_group.cpp.obj
LOAD CMakeFiles/px4io-v2.dir/__/systemlib/mixer/mixer_multirotor.cpp.obj
LOAD CMakeFiles/px4io-v2.dir/__/systemlib/mixer/mixer_simple.cpp.obj
LOAD CMakeFiles/px4io-v2.dir/__/systemlib/pwm_limit/pwm_limit.c.obj
LOAD CMakeFiles/px4io-v2.dir/__/__/lib/rc/st24.c.obj
LOAD CMakeFiles/px4io-v2.dir/__/__/lib/rc/sumd.c.obj
LOAD CMakeFiles/px4io-v2.dir/__/__/drivers/stm32/drv_hrt.c.obj
LOAD CMakeFiles/px4io-v2.dir/__/__/drivers/stm32/drv_pwm_servo.c.obj
LOAD CMakeFiles/px4io-v2.dir/__/__/drivers/boards/px4io-v2/px4io_init.c.obj
LOAD CMakeFiles/px4io-v2.dir/__/__/drivers/boards/px4io-v2/px4io_pwm_servo.c.obj
LOAD CMakeFiles/px4io-v2.dir/serial.c.obj
LOAD CMakeFiles/px4io-v2.dir/__/systemlib/hx_stream.c.obj
START GROUP
LOAD /home/einar/px4_firmware/src/Firmware/build_px4fmu-v2_default/px4io-v2/NuttX/nuttx-export/libs/libapps.a
LOAD /home/einar/px4_firmware/src/Firmware/build_px4fmu-v2_default/px4io-v2/NuttX/nuttx-export/libs/libnuttx.a
LOAD /usr/bin/../lib/gcc/arm-none-eabi/4.9.3/../../../../arm-none-eabi/lib/armv7-m/libnosys.a
LOAD /usr/bin/../lib/gcc/arm-none-eabi/4.9.3/../../../../arm-none-eabi/lib/armv7-m/libm.a
LOAD /usr/bin/../lib/gcc/arm-none-eabi/4.9.3/armv7-m/libgcc.a
END GROUP

.text           0x0000000008001000     0xbe9c
                0x0000000008001000                _stext = ABSOLUTE (.)
 *(.vectors)
 .vectors       0x0000000008001000      0x134 /home/einar/px4_firmware/src/Firmware/build_px4fmu-v2_default/px4io-v2/NuttX/nuttx-export/libs/libnuttx.a(arch-up_vectors.o)
                0x0000000008001000                _vectors
 *(.text .text.*)
 .text          0x0000000008001134        0x0 CMakeFiles/px4io-v2.dir/adc.c.obj
 .text.adc_init
                0x0000000008001134       0xa4 CMakeFiles/px4io-v2.dir/adc.c.obj
                0x0000000008001134                adc_init
 .text.adc_measure
                0x00000000080011d8       0x80 CMakeFiles/px4io-v2.dir/adc.c.obj
                0x00000000080011d8                adc_measure
 .text          0x0000000008001258        0x0 CMakeFiles/px4io-v2.dir/controls.c.obj
 .text.controls_init
                0x0000000008001258       0xa8 CMakeFiles/px4io-v2.dir/controls.c.obj
                0x0000000008001258                controls_init
 .text.controls_tick
                0x0000000008001300      0x6dc CMakeFiles/px4io-v2.dir/controls.c.obj
                0x0000000008001300                controls_tick
 .text          0x00000000080019dc        0x0 CMakeFiles/px4io-v2.dir/dsm.c.obj
 .text.dsm_guess_format
                0x00000000080019dc       0xcc CMakeFiles/px4io-v2.dir/dsm.c.obj
 .text.dsm_init
                0x0000000008001aa8       0x78 CMakeFiles/px4io-v2.dir/dsm.c.obj
                0x0000000008001aa8                dsm_init
 .text.dsm_bind
                0x0000000008001b20       0x8c CMakeFiles/px4io-v2.dir/dsm.c.obj
                0x0000000008001b20                dsm_bind
 .text.dsm_input
                0x0000000008001bac      0x1a4 CMakeFiles/px4io-v2.dir/dsm.c.obj
                0x0000000008001bac                dsm_input
 .text          0x0000000008001d50        0x0 CMakeFiles/px4io-v2.dir/px4io.c.obj
 .text.isr_debug
                0x0000000008001d50       0x64 CMakeFiles/px4io-v2.dir/px4io.c.obj
                0x0000000008001d50                isr_debug
 .text.schedule_reboot
                0x0000000008001db4       0x1c CMakeFiles/px4io-v2.dir/px4io.c.obj
                0x0000000008001db4                schedule_reboot
 .text.user_start
                0x0000000008001dd0      0x3a0 CMakeFiles/px4io-v2.dir/px4io.c.obj
                0x0000000008001dd0                user_start
 .text          0x0000000008002170        0x0 CMakeFiles/px4io-v2.dir/registers.c.obj
 .text.pwm_configure_rates
                0x0000000008002170       0x90 CMakeFiles/px4io-v2.dir/registers.c.obj
 .text.registers_set
                0x0000000008002200      0x678 CMakeFiles/px4io-v2.dir/registers.c.obj
                0x0000000008002200                registers_set
 .text.registers_get
                0x0000000008002878      0x288 CMakeFiles/px4io-v2.dir/registers.c.obj
                0x0000000008002878                registers_get
 .text          0x0000000008002b00        0x0 CMakeFiles/px4io-v2.dir/safety.c.obj
 .text.safety_check_button
                0x0000000008002b00       0xe8 CMakeFiles/px4io-v2.dir/safety.c.obj
 .text.failsafe_blink
                0x0000000008002be8       0x40 CMakeFiles/px4io-v2.dir/safety.c.obj
 .text.safety_init
                0x0000000008002c28       0x34 CMakeFiles/px4io-v2.dir/safety.c.obj
                0x0000000008002c28                safety_init
 .text.failsafe_led_init
                0x0000000008002c5c       0x34 CMakeFiles/px4io-v2.dir/safety.c.obj
                0x0000000008002c5c                failsafe_led_init
 .text          0x0000000008002c90        0x0 CMakeFiles/px4io-v2.dir/sbus.c.obj
 .text.sbus_init
                0x0000000008002c90       0x80 CMakeFiles/px4io-v2.dir/sbus.c.obj
                0x0000000008002c90                sbus_init
 .text.sbus1_output
                0x0000000008002d10      0x148 CMakeFiles/px4io-v2.dir/sbus.c.obj
                0x0000000008002d10                sbus1_output
 .text.sbus2_output
                0x0000000008002e58       0x20 CMakeFiles/px4io-v2.dir/sbus.c.obj
                0x0000000008002e58                sbus2_output
 .text.sbus_input
                0x0000000008002e78      0x1b4 CMakeFiles/px4io-v2.dir/sbus.c.obj
                0x0000000008002e78                sbus_input
 .text          0x000000000800302c        0x0 CMakeFiles/px4io-v2.dir/__/systemlib/up_cxxinitialize.c.obj
 .text.up_cxxinitialize
                0x000000000800302c       0x38 CMakeFiles/px4io-v2.dir/__/systemlib/up_cxxinitialize.c.obj
                0x000000000800302c                up_cxxinitialize
 .text          0x0000000008003064        0x0 CMakeFiles/px4io-v2.dir/__/systemlib/perf_counter.c.obj
 .text.perf_alloc
                0x0000000008003064       0x50 CMakeFiles/px4io-v2.dir/__/systemlib/perf_counter.c.obj
                0x0000000008003064                perf_alloc
 .text.perf_alloc_once
                0x00000000080030b4       0x3c CMakeFiles/px4io-v2.dir/__/systemlib/perf_counter.c.obj
                0x00000000080030b4                perf_alloc_once
 .text.perf_free
                0x00000000080030f0       0x1c CMakeFiles/px4io-v2.dir/__/systemlib/perf_counter.c.obj
                0x00000000080030f0                perf_free
 .text.perf_count
                0x000000000800310c      0x100 CMakeFiles/px4io-v2.dir/__/systemlib/perf_counter.c.obj
                0x000000000800310c                perf_count
 .text.perf_begin
                0x000000000800320c       0x18 CMakeFiles/px4io-v2.dir/__/systemlib/perf_counter.c.obj
                0x000000000800320c                perf_begin
 .text.perf_end
                0x0000000008003224       0xe0 CMakeFiles/px4io-v2.dir/__/systemlib/perf_counter.c.obj
                0x0000000008003224                perf_end
 .text.perf_set
                0x0000000008003304       0xcc CMakeFiles/px4io-v2.dir/__/systemlib/perf_counter.c.obj
                0x0000000008003304                perf_set
 .text.perf_cancel
                0x00000000080033d0       0x14 CMakeFiles/px4io-v2.dir/__/systemlib/perf_counter.c.obj
                0x00000000080033d0                perf_cancel
 .text.perf_reset
                0x00000000080033e4       0x54 CMakeFiles/px4io-v2.dir/__/systemlib/perf_counter.c.obj
                0x00000000080033e4                perf_reset
 .text.perf_print_counter_fd
                0x0000000008003438      0x144 CMakeFiles/px4io-v2.dir/__/systemlib/perf_counter.c.obj
                0x0000000008003438                perf_print_counter_fd
 .text.perf_print_counter
                0x000000000800357c        0x8 CMakeFiles/px4io-v2.dir/__/systemlib/perf_counter.c.obj
                0x000000000800357c                perf_print_counter
 .text.perf_event_count
                0x0000000008003584       0x20 CMakeFiles/px4io-v2.dir/__/systemlib/perf_counter.c.obj
                0x0000000008003584                perf_event_count
 .text.perf_print_all
                0x00000000080035a4       0x20 CMakeFiles/px4io-v2.dir/__/systemlib/perf_counter.c.obj
                0x00000000080035a4                perf_print_all
 .text.perf_print_latency
                0x00000000080035c4       0x64 CMakeFiles/px4io-v2.dir/__/systemlib/perf_counter.c.obj
                0x00000000080035c4                perf_print_latency
 .text.perf_reset_all
                0x0000000008003628       0x38 CMakeFiles/px4io-v2.dir/__/systemlib/perf_counter.c.obj
                0x0000000008003628                perf_reset_all
 .text          0x0000000008003660        0x0 CMakeFiles/px4io-v2.dir/mixer.cpp.obj
 .text._ZL14mixer_callbackjhhRf
                0x0000000008003660      0x178 CMakeFiles/px4io-v2.dir/mixer.cpp.obj
 .text.startup._GLOBAL__sub_I_mixer_tick
                0x00000000080037d8       0x2c CMakeFiles/px4io-v2.dir/mixer.cpp.obj
 .text.mixer_tick
                0x0000000008003804      0x3f8 CMakeFiles/px4io-v2.dir/mixer.cpp.obj
                0x0000000008003804                mixer_tick
 .text.mixer_handle_text
                0x0000000008003bfc      0x1a4 CMakeFiles/px4io-v2.dir/mixer.cpp.obj
                0x0000000008003bfc                mixer_handle_text
 .text          0x0000000008003da0        0x0 CMakeFiles/px4io-v2.dir/__/systemlib/mixer/mixer.cpp.obj
 .text._ZN9NullMixerD2Ev
                0x0000000008003da0        0x4 CMakeFiles/px4io-v2.dir/__/systemlib/mixer/mixer.cpp.obj
                0x0000000008003da0                NullMixer::~NullMixer()
                0x0000000008003da0                NullMixer::~NullMixer()
 .text._ZN9NullMixer3mixEPfjPt
                0x0000000008003da4       0x10 CMakeFiles/px4io-v2.dir/__/systemlib/mixer/mixer.cpp.obj
                0x0000000008003da4                NullMixer::mix(float*, unsigned int, unsigned short*)
 .text._ZN9NullMixer15groups_requiredERj
                0x0000000008003db4        0x4 CMakeFiles/px4io-v2.dir/__/systemlib/mixer/mixer.cpp.obj
                0x0000000008003db4                NullMixer::groups_required(unsigned int&)
 .text._ZN9NullMixerD0Ev
                0x0000000008003db8        0xc CMakeFiles/px4io-v2.dir/__/systemlib/mixer/mixer.cpp.obj
                0x0000000008003db8                NullMixer::~NullMixer()
 .text._ZN5MixerC2EPFijhhRfEj
                0x0000000008003dc4       0x18 CMakeFiles/px4io-v2.dir/__/systemlib/mixer/mixer.cpp.obj
                0x0000000008003dc4                Mixer::Mixer(int (*)(unsigned int, unsigned char, unsigned char, float&), unsigned int)
                0x0000000008003dc4                Mixer::Mixer(int (*)(unsigned int, unsigned char, unsigned char, float&), unsigned int)
 .text._ZN5Mixer11get_controlEhh
                0x0000000008003ddc       0x14 CMakeFiles/px4io-v2.dir/__/systemlib/mixer/mixer.cpp.obj
                0x0000000008003ddc                Mixer::get_control(unsigned char, unsigned char)
 .text._ZN5Mixer5scaleERK14mixer_scaler_sf
                0x0000000008003df0       0x54 CMakeFiles/px4io-v2.dir/__/systemlib/mixer/mixer.cpp.obj
                0x0000000008003df0                Mixer::scale(mixer_scaler_s const&, float)
 .text._ZN5Mixer11scale_checkER14mixer_scaler_s
                0x0000000008003e44       0x5c CMakeFiles/px4io-v2.dir/__/systemlib/mixer/mixer.cpp.obj
                0x0000000008003e44                Mixer::scale_check(mixer_scaler_s&)
 .text._ZN5Mixer7findtagEPKcRjc
                0x0000000008003ea0       0x34 CMakeFiles/px4io-v2.dir/__/systemlib/mixer/mixer.cpp.obj
                0x0000000008003ea0                Mixer::findtag(char const*, unsigned int&, char)
 .text._ZN5Mixer8skiplineEPKcRj
                0x0000000008003ed4       0x30 CMakeFiles/px4io-v2.dir/__/systemlib/mixer/mixer.cpp.obj
                0x0000000008003ed4                Mixer::skipline(char const*, unsigned int&)
 .text._ZN9NullMixerC2Ev
                0x0000000008003f04       0x14 CMakeFiles/px4io-v2.dir/__/systemlib/mixer/mixer.cpp.obj
                0x0000000008003f04                NullMixer::NullMixer()
                0x0000000008003f04                NullMixer::NullMixer()
 .text._ZN9NullMixer9from_textEPKcRj
                0x0000000008003f18       0x60 CMakeFiles/px4io-v2.dir/__/systemlib/mixer/mixer.cpp.obj
                0x0000000008003f18                NullMixer::from_text(char const*, unsigned int&)
 .text          0x0000000008003f78        0x0 CMakeFiles/px4io-v2.dir/__/systemlib/mixer/mixer_group.cpp.obj
 .text._ZN10MixerGroupD2Ev
                0x0000000008003f78       0x28 CMakeFiles/px4io-v2.dir/__/systemlib/mixer/mixer_group.cpp.obj
                0x0000000008003f78                MixerGroup::~MixerGroup()
                0x0000000008003f78                MixerGroup::~MixerGroup()
 .text._ZN10MixerGroup3mixEPfjPt
                0x0000000008003fa0       0x40 CMakeFiles/px4io-v2.dir/__/systemlib/mixer/mixer_group.cpp.obj
                0x0000000008003fa0                MixerGroup::mix(float*, unsigned int, unsigned short*)
 .text._ZN10MixerGroup15groups_requiredERj
                0x0000000008003fe0       0x1c CMakeFiles/px4io-v2.dir/__/systemlib/mixer/mixer_group.cpp.obj
                0x0000000008003fe0                MixerGroup::groups_required(unsigned int&)
 .text._ZN10MixerGroupD0Ev
                0x0000000008003ffc       0x2c CMakeFiles/px4io-v2.dir/__/systemlib/mixer/mixer_group.cpp.obj
                0x0000000008003ffc                MixerGroup::~MixerGroup()
 .text._ZN10MixerGroupC2EPFijhhRfEj
                0x0000000008004028       0x18 CMakeFiles/px4io-v2.dir/__/systemlib/mixer/mixer_group.cpp.obj
                0x0000000008004028                MixerGroup::MixerGroup(int (*)(unsigned int, unsigned char, unsigned char, float&), unsigned int)
                0x0000000008004028                MixerGroup::MixerGroup(int (*)(unsigned int, unsigned char, unsigned char, float&), unsigned int)
 .text._ZN10MixerGroup9add_mixerEP5Mixer
                0x0000000008004040       0x20 CMakeFiles/px4io-v2.dir/__/systemlib/mixer/mixer_group.cpp.obj
                0x0000000008004040                MixerGroup::add_mixer(Mixer*)
 .text._ZN10MixerGroup5resetEv
                0x0000000008004060       0x1c CMakeFiles/px4io-v2.dir/__/systemlib/mixer/mixer_group.cpp.obj
                0x0000000008004060                MixerGroup::reset()
 .text._ZN10MixerGroup5countEv
                0x000000000800407c       0x14 CMakeFiles/px4io-v2.dir/__/systemlib/mixer/mixer_group.cpp.obj
                0x000000000800407c                MixerGroup::count()
 .text._ZN10MixerGroup13load_from_bufEPKcRj
                0x0000000008004090       0x90 CMakeFiles/px4io-v2.dir/__/systemlib/mixer/mixer_group.cpp.obj
                0x0000000008004090                MixerGroup::load_from_buf(char const*, unsigned int&)
 .text          0x0000000008004120        0x0 CMakeFiles/px4io-v2.dir/__/systemlib/mixer/mixer_multirotor.cpp.obj
 .text._ZN15MultirotorMixerD2Ev
                0x0000000008004120        0x4 CMakeFiles/px4io-v2.dir/__/systemlib/mixer/mixer_multirotor.cpp.obj
                0x0000000008004120                MultirotorMixer::~MultirotorMixer()
                0x0000000008004120                MultirotorMixer::~MultirotorMixer()
 .text._ZN15MultirotorMixer15groups_requiredERj
                0x0000000008004124        0xc CMakeFiles/px4io-v2.dir/__/systemlib/mixer/mixer_multirotor.cpp.obj
                0x0000000008004124                MultirotorMixer::groups_required(unsigned int&)
 .text._ZN15MultirotorMixerD0Ev
                0x0000000008004130        0xc CMakeFiles/px4io-v2.dir/__/systemlib/mixer/mixer_multirotor.cpp.obj
                0x0000000008004130                MultirotorMixer::~MultirotorMixer()
 .text._ZN15MultirotorMixer3mixEPfjPt
                0x000000000800413c      0x708 CMakeFiles/px4io-v2.dir/__/systemlib/mixer/mixer_multirotor.cpp.obj
                0x000000000800413c                MultirotorMixer::mix(float*, unsigned int, unsigned short*)
 .text._ZN15MultirotorMixerC2EPFijhhRfEj18MultirotorGeometryffff
                0x0000000008004844       0x58 CMakeFiles/px4io-v2.dir/__/systemlib/mixer/mixer_multirotor.cpp.obj
                0x0000000008004844                MultirotorMixer::MultirotorMixer(int (*)(unsigned int, unsigned char, unsigned char, float&), unsigned int, MultirotorGeometry, float, float, float, float)
                0x0000000008004844                MultirotorMixer::MultirotorMixer(int (*)(unsigned int, unsigned char, unsigned char, float&), unsigned int, MultirotorGeometry, float, float, float, float)
 .text._ZN15MultirotorMixer9from_textEPFijhhRfEjPKcRj
                0x000000000800489c      0x220 CMakeFiles/px4io-v2.dir/__/systemlib/mixer/mixer_multirotor.cpp.obj
                0x000000000800489c                MultirotorMixer::from_text(int (*)(unsigned int, unsigned char, unsigned char, float&), unsigned int, char const*, unsigned int&)
 .text          0x0000000008004abc        0x0 CMakeFiles/px4io-v2.dir/__/systemlib/mixer/mixer_simple.cpp.obj
 .text._ZN11SimpleMixer15groups_requiredERj
                0x0000000008004abc       0x30 CMakeFiles/px4io-v2.dir/__/systemlib/mixer/mixer_simple.cpp.obj
                0x0000000008004abc                SimpleMixer::groups_required(unsigned int&)
 .text._ZN11SimpleMixerD2Ev
                0x0000000008004aec       0x18 CMakeFiles/px4io-v2.dir/__/systemlib/mixer/mixer_simple.cpp.obj
                0x0000000008004aec                SimpleMixer::~SimpleMixer()
                0x0000000008004aec                SimpleMixer::~SimpleMixer()
 .text._ZN11SimpleMixerD0Ev
                0x0000000008004b04       0x20 CMakeFiles/px4io-v2.dir/__/systemlib/mixer/mixer_simple.cpp.obj
                0x0000000008004b04                SimpleMixer::~SimpleMixer()
 .text._ZN11SimpleMixer3mixEPfjPt
                0x0000000008004b24       0x78 CMakeFiles/px4io-v2.dir/__/systemlib/mixer/mixer_simple.cpp.obj
                0x0000000008004b24                SimpleMixer::mix(float*, unsigned int, unsigned short*)
 .text._ZN11SimpleMixerC2EPFijhhRfEjP14mixer_simple_s
                0x0000000008004b9c       0x18 CMakeFiles/px4io-v2.dir/__/systemlib/mixer/mixer_simple.cpp.obj
                0x0000000008004b9c                SimpleMixer::SimpleMixer(int (*)(unsigned int, unsigned char, unsigned char, float&), unsigned int, mixer_simple_s*)
                0x0000000008004b9c                SimpleMixer::SimpleMixer(int (*)(unsigned int, unsigned char, unsigned char, float&), unsigned int, mixer_simple_s*)
 .text._ZN11SimpleMixer19parse_output_scalerEPKcRjR14mixer_scaler_s
                0x0000000008004bb4       0xa8 CMakeFiles/px4io-v2.dir/__/systemlib/mixer/mixer_simple.cpp.obj
                0x0000000008004bb4                SimpleMixer::parse_output_scaler(char const*, unsigned int&, mixer_scaler_s&)
 .text._ZN11SimpleMixer20parse_control_scalerEPKcRjR14mixer_scaler_sRhS5_
                0x0000000008004c5c       0xb8 CMakeFiles/px4io-v2.dir/__/systemlib/mixer/mixer_simple.cpp.obj
                0x0000000008004c5c                SimpleMixer::parse_control_scaler(char const*, unsigned int&, mixer_scaler_s&, unsigned char&, unsigned char&)
 .text._ZN11SimpleMixer9from_textEPFijhhRfEjPKcRj
                0x0000000008004d14       0xb4 CMakeFiles/px4io-v2.dir/__/systemlib/mixer/mixer_simple.cpp.obj
                0x0000000008004d14                SimpleMixer::from_text(int (*)(unsigned int, unsigned char, unsigned char, float&), unsigned int, char const*, unsigned int&)
 .text._ZN11SimpleMixer9pwm_inputEPFijhhRfEjjttt
                0x0000000008004dc8       0xa4 CMakeFiles/px4io-v2.dir/__/systemlib/mixer/mixer_simple.cpp.obj
                0x0000000008004dc8                SimpleMixer::pwm_input(int (*)(unsigned int, unsigned char, unsigned char, float&), unsigned int, unsigned int, unsigned short, unsigned short, unsigned short)
 .text._ZN11SimpleMixer5checkEv
                0x0000000008004e6c       0x78 CMakeFiles/px4io-v2.dir/__/systemlib/mixer/mixer_simple.cpp.obj
                0x0000000008004e6c                SimpleMixer::check()
 .text          0x0000000008004ee4        0x0 CMakeFiles/px4io-v2.dir/__/systemlib/pwm_limit/pwm_limit.c.obj
 .text.pwm_limit_init
                0x0000000008004ee4       0x10 CMakeFiles/px4io-v2.dir/__/systemlib/pwm_limit/pwm_limit.c.obj
                0x0000000008004ee4                pwm_limit_init
 *fill*         0x0000000008004ef4        0x4 
 .text.pwm_limit_calc
                0x0000000008004ef8      0x2bc CMakeFiles/px4io-v2.dir/__/systemlib/pwm_limit/pwm_limit.c.obj
                0x0000000008004ef8                pwm_limit_calc
 .text          0x00000000080051b4        0x0 CMakeFiles/px4io-v2.dir/__/__/lib/rc/st24.c.obj
 .text.st24_common_crc8
                0x00000000080051b4       0x44 CMakeFiles/px4io-v2.dir/__/__/lib/rc/st24.c.obj
                0x00000000080051b4                st24_common_crc8
 .text.st24_decode
                0x00000000080051f8      0x218 CMakeFiles/px4io-v2.dir/__/__/lib/rc/st24.c.obj
                0x00000000080051f8                st24_decode
 .text          0x0000000008005410        0x0 CMakeFiles/px4io-v2.dir/__/__/lib/rc/sumd.c.obj
 .text.sumd_crc16
                0x0000000008005410       0x20 CMakeFiles/px4io-v2.dir/__/__/lib/rc/sumd.c.obj
                0x0000000008005410                sumd_crc16
 .text.sumd_crc8
                0x0000000008005430        0x8 CMakeFiles/px4io-v2.dir/__/__/lib/rc/sumd.c.obj
                0x0000000008005430                sumd_crc8
 .text.sumd_decode
                0x0000000008005438      0x4d0 CMakeFiles/px4io-v2.dir/__/__/lib/rc/sumd.c.obj
                0x0000000008005438                sumd_decode
 .text          0x0000000008005908        0x0 CMakeFiles/px4io-v2.dir/__/__/drivers/stm32/drv_hrt.c.obj
 .text.hrt_absolute_time
                0x0000000008005908       0x4c CMakeFiles/px4io-v2.dir/__/__/drivers/stm32/drv_hrt.c.obj
                0x0000000008005908                hrt_absolute_time
 .text.hrt_call_reschedule
                0x0000000008005954       0x58 CMakeFiles/px4io-v2.dir/__/__/drivers/stm32/drv_hrt.c.obj
 .text.hrt_call_enter
                0x00000000080059ac       0x50 CMakeFiles/px4io-v2.dir/__/__/drivers/stm32/drv_hrt.c.obj
 .text.hrt_call_internal
                0x00000000080059fc       0x4c CMakeFiles/px4io-v2.dir/__/__/drivers/stm32/drv_hrt.c.obj
 .text.hrt_tim_isr
                0x0000000008005a48      0x21c CMakeFiles/px4io-v2.dir/__/__/drivers/stm32/drv_hrt.c.obj
 .text.ts_to_abstime
                0x0000000008005c64       0x28 CMakeFiles/px4io-v2.dir/__/__/drivers/stm32/drv_hrt.c.obj
                0x0000000008005c64                ts_to_abstime
 .text.abstime_to_ts
                0x0000000008005c8c       0x30 CMakeFiles/px4io-v2.dir/__/__/drivers/stm32/drv_hrt.c.obj
                0x0000000008005c8c                abstime_to_ts
 .text.hrt_elapsed_time
                0x0000000008005cbc       0x24 CMakeFiles/px4io-v2.dir/__/__/drivers/stm32/drv_hrt.c.obj
                0x0000000008005cbc                hrt_elapsed_time
 .text.hrt_store_absolute_time
                0x0000000008005ce0       0x18 CMakeFiles/px4io-v2.dir/__/__/drivers/stm32/drv_hrt.c.obj
                0x0000000008005ce0                hrt_store_absolute_time
 .text.hrt_init
                0x0000000008005cf8       0xcc CMakeFiles/px4io-v2.dir/__/__/drivers/stm32/drv_hrt.c.obj
                0x0000000008005cf8                hrt_init
 .text.hrt_call_after
                0x0000000008005dc4       0x38 CMakeFiles/px4io-v2.dir/__/__/drivers/stm32/drv_hrt.c.obj
                0x0000000008005dc4                hrt_call_after
 .text.hrt_call_at
                0x0000000008005dfc       0x1c CMakeFiles/px4io-v2.dir/__/__/drivers/stm32/drv_hrt.c.obj
                0x0000000008005dfc                hrt_call_at
 .text.hrt_call_every
                0x0000000008005e18       0x38 CMakeFiles/px4io-v2.dir/__/__/drivers/stm32/drv_hrt.c.obj
                0x0000000008005e18                hrt_call_every
 .text.hrt_called
                0x0000000008005e50       0x10 CMakeFiles/px4io-v2.dir/__/__/drivers/stm32/drv_hrt.c.obj
                0x0000000008005e50                hrt_called
 .text.hrt_cancel
                0x0000000008005e60       0x2c CMakeFiles/px4io-v2.dir/__/__/drivers/stm32/drv_hrt.c.obj
                0x0000000008005e60                hrt_cancel
 .text.hrt_call_init
                0x0000000008005e8c        0x8 CMakeFiles/px4io-v2.dir/__/__/drivers/stm32/drv_hrt.c.obj
                0x0000000008005e8c                hrt_call_init
 .text.hrt_call_delay
                0x0000000008005e94       0x18 CMakeFiles/px4io-v2.dir/__/__/drivers/stm32/drv_hrt.c.obj
                0x0000000008005e94                hrt_call_delay
 .text          0x0000000008005eac        0x0 CMakeFiles/px4io-v2.dir/__/__/drivers/stm32/drv_pwm_servo.c.obj
 .text.up_pwm_servo_set
                0x0000000008005eac       0x68 CMakeFiles/px4io-v2.dir/__/__/drivers/stm32/drv_pwm_servo.c.obj
                0x0000000008005eac                up_pwm_servo_set
 .text.up_pwm_servo_get
                0x0000000008005f14       0x5c CMakeFiles/px4io-v2.dir/__/__/drivers/stm32/drv_pwm_servo.c.obj
                0x0000000008005f14                up_pwm_servo_get
 .text.up_pwm_servo_init
                0x0000000008005f70      0x13c CMakeFiles/px4io-v2.dir/__/__/drivers/stm32/drv_pwm_servo.c.obj
                0x0000000008005f70                up_pwm_servo_init
 .text.up_pwm_servo_set_rate_group_update
                0x00000000080060ac       0x40 CMakeFiles/px4io-v2.dir/__/__/drivers/stm32/drv_pwm_servo.c.obj
                0x00000000080060ac                up_pwm_servo_set_rate_group_update
 .text.up_pwm_servo_set_rate
                0x00000000080060ec       0x34 CMakeFiles/px4io-v2.dir/__/__/drivers/stm32/drv_pwm_servo.c.obj
                0x00000000080060ec                up_pwm_servo_set_rate
 .text.up_pwm_servo_get_rate_group
                0x0000000008006120       0x34 CMakeFiles/px4io-v2.dir/__/__/drivers/stm32/drv_pwm_servo.c.obj
                0x0000000008006120                up_pwm_servo_get_rate_group
 .text.up_pwm_servo_arm
                0x0000000008006154       0x2c CMakeFiles/px4io-v2.dir/__/__/drivers/stm32/drv_pwm_servo.c.obj
                0x0000000008006154                up_pwm_servo_arm
 .text.up_pwm_servo_deinit
                0x0000000008006180        0x8 CMakeFiles/px4io-v2.dir/__/__/drivers/stm32/drv_pwm_servo.c.obj
                0x0000000008006180                up_pwm_servo_deinit
 .text          0x0000000008006188        0x0 CMakeFiles/px4io-v2.dir/__/__/drivers/boards/px4io-v2/px4io_init.c.obj
 .text.stm32_boardinitialize
                0x0000000008006188      0x110 CMakeFiles/px4io-v2.dir/__/__/drivers/boards/px4io-v2/px4io_init.c.obj
                0x0000000008006188                stm32_boardinitialize
 .text          0x0000000008006298        0x0 CMakeFiles/px4io-v2.dir/__/__/drivers/boards/px4io-v2/px4io_pwm_servo.c.obj
 .text          0x0000000008006298        0x0 CMakeFiles/px4io-v2.dir/serial.c.obj
 .text.dma_reset
                0x0000000008006298       0x70 CMakeFiles/px4io-v2.dir/serial.c.obj
 .text.rx_dma_callback
                0x0000000008006308      0x15c CMakeFiles/px4io-v2.dir/serial.c.obj
 .text.serial_interrupt
                0x0000000008006464       0xe4 CMakeFiles/px4io-v2.dir/serial.c.obj
 .text.interface_init
                0x0000000008006548      0x13c CMakeFiles/px4io-v2.dir/serial.c.obj
                0x0000000008006548                interface_init
 .text          0x0000000008006684        0x0 CMakeFiles/px4io-v2.dir/__/systemlib/hx_stream.c.obj
 .text.hx_stream_init
                0x0000000008006684       0x24 CMakeFiles/px4io-v2.dir/__/systemlib/hx_stream.c.obj
                0x0000000008006684                hx_stream_init
 .text.hx_stream_free
                0x00000000080066a8       0x20 CMakeFiles/px4io-v2.dir/__/systemlib/hx_stream.c.obj
                0x00000000080066a8                hx_stream_free
 .text.hx_stream_set_counters
                0x00000000080066c8        0x8 CMakeFiles/px4io-v2.dir/__/systemlib/hx_stream.c.obj
                0x00000000080066c8                hx_stream_set_counters
 .text.hx_stream_reset
                0x00000000080066d0       0x14 CMakeFiles/px4io-v2.dir/__/systemlib/hx_stream.c.obj
                0x00000000080066d0                hx_stream_reset
 .text.hx_stream_start
                0x00000000080066e4       0x2c CMakeFiles/px4io-v2.dir/__/systemlib/hx_stream.c.obj
                0x00000000080066e4                hx_stream_start
 .text.hx_stream_send_next
                0x0000000008006710       0x80 CMakeFiles/px4io-v2.dir/__/systemlib/hx_stream.c.obj
                0x0000000008006710                hx_stream_send_next
 .text.hx_stream_send
                0x0000000008006790       0x6c CMakeFiles/px4io-v2.dir/__/systemlib/hx_stream.c.obj
                0x0000000008006790                hx_stream_send
 .text.hx_stream_rx
                0x00000000080067fc       0x90 CMakeFiles/px4io-v2.dir/__/systemlib/hx_stream.c.obj
                0x00000000080067fc                hx_stream_rx
 .text          0x000000000800688c        0x0 /home/einar/px4_firmware/src/Firmware/build_px4fmu-v2_default/px4io-v2/NuttX/nuttx-export/libs/libnuttx.a(sched-irq_attach.o)
 .text.irq_attach
                0x000000000800688c       0x38 /home/einar/px4_firmware/src/Firmware/build_px4fmu-v2_default/px4io-v2/NuttX/nuttx-export/libs/libnuttx.a(sched-irq_attach.o)
                0x000000000800688c                irq_attach
 .text          0x00000000080068c4        0x0 /home/einar/px4_firmware/src/Firmware/build_px4fmu-v2_default/px4io-v2/NuttX/nuttx-export/libs/libnuttx.a(sched-irq_initialize.o)
 .text.irq_initialize
                0x00000000080068c4       0x1c /home/einar/px4_firmware/src/Firmware/build_px4fmu-v2_default/px4io-v2/NuttX/nuttx-export/libs/libnuttx.a(sched-irq_initialize.o)
                0x00000000080068c4                irq_initialize
 .text          0x00000000080068e0        0x0 /home/einar/px4_firmware/src/Firmware/build_px4fmu-v2_default/px4io-v2/NuttX/nuttx-export/libs/libnuttx.a(sched-irq_unexpectedisr.o)
 .text.irq_unexpected_isr
                0x00000000080068e0       0x14 /home/einar/px4_firmware/src/Firmware/build_px4fmu-v2_default/px4io-v2/NuttX/nuttx-export/libs/libnuttx.a(sched-irq_unexpectedisr.o)
                0x00000000080068e0                irq_unexpected_isr
 .text          0x00000000080068f4        0x0 /home/einar/px4_firmware/src/Firmware/build_px4fmu-v2_default/px4io-v2/NuttX/nuttx-export/libs/libnuttx.a(c-lib_abort.o)
 .text.abort    0x00000000080068f4        0x8 /home/einar/px4_firmware/src/Firmware/build_px4fmu-v2_default/px4io-v2/NuttX/nuttx-export/libs/libnuttx.a(c-lib_abort.o)
                0x00000000080068f4                abort
 .text          0x00000000080068fc        0x0 /home/einar/px4_firmware/src/Firmware/build_px4fmu-v2_default/px4io-v2/NuttX/nuttx-export/libs/libnuttx.a(c-lib_cfsetspeed.o)
 .text.cfsetspeed
                0x00000000080068fc        0x6 /home/einar/px4_firmware/src/Firmware/build_px4fmu-v2_default/px4io-v2/NuttX/nuttx-export/libs/libnuttx.a(c-lib_cfsetspeed.o)
                0x00000000080068fc                cfsetspeed
 .text          0x0000000008006902        0x0 /home/einar/px4_firmware/src/Firmware/build_px4fmu-v2_default/px4io-v2/NuttX/nuttx-export/libs/libnuttx.a(c-lib_crc32.o)
 *fill*         0x0000000008006902        0x2 
 .text.crc32part
                0x0000000008006904       0x24 /home/einar/px4_firmware/src/Firmware/build_px4fmu-v2_default/px4io-v2/NuttX/nuttx-export/libs/libnuttx.a(c-lib_crc32.o)
                0x0000000008006904                crc32part
 .text.crc32    0x0000000008006928        0x6 /home/einar/px4_firmware/src/Firmware/build_px4fmu-v2_default/px4io-v2/NuttX/nuttx-export/libs/libnuttx.a(c-lib_crc32.o)
                0x0000000008006928                crc32
 .text          0x000000000800692e        0x0 /home/einar/px4_firmware/src/Firmware/build_px4fmu-v2_default/px4io-v2/NuttX/nuttx-export/libs/libnuttx.a(c-lib_dprintf.o)
 .text.dprintf  0x000000000800692e       0x1a /home/einar/px4_firmware/src/Firmware/build_px4fmu-v2_default/px4io-v2/NuttX/nuttx-export/libs/libnuttx.a(c-lib_dprintf.o)
                0x000000000800692e                dprintf
 .text          0x0000000008006948        0x0 /home/einar/px4_firmware/src/Firmware/build_px4fmu-v2_default/px4io-v2/NuttX/nuttx-export/libs/libnuttx.a(c-lib_lowsyslog.o)
 .text.lowvsyslog
                0x0000000008006948       0x1a /home/einar/px4_firmware/src/Firmware/build_px4fmu-v2_default/px4io-v2/NuttX/nuttx-export/libs/libnuttx.a(c-lib_lowsyslog.o)
                0x0000000008006948                lowvsyslog
 .text.lowsyslog
                0x0000000008006962       0x1a /home/einar/px4_firmware/src/Firmware/build_px4fmu-v2_default/px4io-v2/NuttX/nuttx-export/libs/libnuttx.a(c-lib_lowsyslog.o)
                0x0000000008006962                lowsyslog
 .text          0x000000000800697c        0x0 /home/einar/px4_firmware/src/Firmware/build_px4fmu-v2_default/px4io-v2/NuttX/nuttx-export/libs/libnuttx.a(c-lib_memchr.o)
 .text.memchr   0x000000000800697c       0x1e /home/einar/px4_firmware/src/Firmware/build_px4fmu-v2_default/px4io-v2/NuttX/nuttx-export/libs/libnuttx.a(c-lib_memchr.o)
                0x000000000800697c                memchr
 .text          0x000000000800699a        0x0 /home/einar/px4_firmware/src/Firmware/build_px4fmu-v2_default/px4io-v2/NuttX/nuttx-export/libs/libnuttx.a(c-lib_memcpy.o)
 .text.memcpy   0x000000000800699a       0x16 /home/einar/px4_firmware/src/Firmware/build_px4fmu-v2_default/px4io-v2/NuttX/nuttx-export/libs/libnuttx.a(c-lib_memcpy.o)
                0x000000000800699a                memcpy
 .text          0x00000000080069b0        0x0 /home/einar/px4_firmware/src/Firmware/build_px4fmu-v2_default/px4io-v2/NuttX/nuttx-export/libs/libnuttx.a(c-lib_memset.o)
 .text.memset   0x00000000080069b0       0x10 /home/einar/px4_firmware/src/Firmware/build_px4fmu-v2_default/px4io-v2/NuttX/nuttx-export/libs/libnuttx.a(c-lib_memset.o)
                0x00000000080069b0                memset
 .text          0x00000000080069c0        0x0 /home/einar/px4_firmware/src/Firmware/build_px4fmu-v2_default/px4io-v2/NuttX/nuttx-export/libs/libnuttx.a(c-lib_printf.o)
 .text.printf   0x00000000080069c0       0x1a /home/einar/px4_firmware/src/Firmware/build_px4fmu-v2_default/px4io-v2/NuttX/nuttx-export/libs/libnuttx.a(c-lib_printf.o)
                0x00000000080069c0                printf
 .text          0x00000000080069da        0x0 /home/einar/px4_firmware/src/Firmware/build_px4fmu-v2_default/px4io-v2/NuttX/nuttx-export/libs/libnuttx.a(c-lib_sscanf.o)
 *fill*         0x00000000080069da        0x2 
 .text.findwidth
                0x00000000080069dc       0x34 /home/einar/px4_firmware/src/Firmware/build_px4fmu-v2_default/px4io-v2/NuttX/nuttx-export/libs/libnuttx.a(c-lib_sscanf.o)
 .text.vsscanf  0x0000000008006a10      0x314 /home/einar/px4_firmware/src/Firmware/build_px4fmu-v2_default/px4io-v2/NuttX/nuttx-export/libs/libnuttx.a(c-lib_sscanf.o)
                0x0000000008006a10                vsscanf
 .text.sscanf   0x0000000008006d24       0x1a /home/einar/px4_firmware/src/Firmware/build_px4fmu-v2_default/px4io-v2/NuttX/nuttx-export/libs/libnuttx.a(c-lib_sscanf.o)
                0x0000000008006d24                sscanf
 .text          0x0000000008006d3e        0x0 /home/einar/px4_firmware/src/Firmware/build_px4fmu-v2_default/px4io-v2/NuttX/nuttx-export/libs/libnuttx.a(c-lib_strchr.o)
 .text.strchr   0x0000000008006d3e       0x16 /home/einar/px4_firmware/src/Firmware/build_px4fmu-v2_default/px4io-v2/NuttX/nuttx-export/libs/libnuttx.a(c-lib_strchr.o)
                0x0000000008006d3e                strchr
 .text          0x0000000008006d54        0x0 /home/einar/px4_firmware/src/Firmware/build_px4fmu-v2_default/px4io-v2/NuttX/nuttx-export/libs/libnuttx.a(c-lib_strcmp.o)
 .text.strcmp   0x0000000008006d54       0x1a /home/einar/px4_firmware/src/Firmware/build_px4fmu-v2_default/px4io-v2/NuttX/nuttx-export/libs/libnuttx.a(c-lib_strcmp.o)
                0x0000000008006d54                strcmp
 .text          0x0000000008006d6e        0x0 /home/einar/px4_firmware/src/Firmware/build_px4fmu-v2_default/px4io-v2/NuttX/nuttx-export/libs/libnuttx.a(c-lib_strcspn.o)
 .text.strcspn  0x0000000008006d6e       0x1e /home/einar/px4_firmware/src/Firmware/build_px4fmu-v2_default/px4io-v2/NuttX/nuttx-export/libs/libnuttx.a(c-lib_strcspn.o)
                0x0000000008006d6e                strcspn
 .text          0x0000000008006d8c        0x0 /home/einar/px4_firmware/src/Firmware/build_px4fmu-v2_default/px4io-v2/NuttX/nuttx-export/libs/libnuttx.a(c-lib_strncpy.o)
 .text.strncpy  0x0000000008006d8c       0x24 /home/einar/px4_firmware/src/Firmware/build_px4fmu-v2_default/px4io-v2/NuttX/nuttx-export/libs/libnuttx.a(c-lib_strncpy.o)
                0x0000000008006d8c                strncpy
 .text          0x0000000008006db0        0x0 /home/einar/px4_firmware/src/Firmware/build_px4fmu-v2_default/px4io-v2/NuttX/nuttx-export/libs/libnuttx.a(c-lib_strtol.o)
 .text.strtol   0x0000000008006db0       0x3c /home/einar/px4_firmware/src/Firmware/build_px4fmu-v2_default/px4io-v2/NuttX/nuttx-export/libs/libnuttx.a(c-lib_strtol.o)
                0x0000000008006db0                strtol
 .text          0x0000000008006dec        0x0 /home/einar/px4_firmware/src/Firmware/build_px4fmu-v2_default/px4io-v2/NuttX/nuttx-export/libs/libnuttx.a(c-lib_strtoul.o)
 .text.strtoul  0x0000000008006dec       0x48 /home/einar/px4_firmware/src/Firmware/build_px4fmu-v2_default/px4io-v2/NuttX/nuttx-export/libs/libnuttx.a(c-lib_strtoul.o)
                0x0000000008006dec                strtoul
 .text          0x0000000008006e34        0x0 /home/einar/px4_firmware/src/Firmware/build_px4fmu-v2_default/px4io-v2/NuttX/nuttx-export/libs/libnuttx.a(c-lib_syslog.o)
 .text.vsyslog  0x0000000008006e34       0x1e /home/einar/px4_firmware/src/Firmware/build_px4fmu-v2_default/px4io-v2/NuttX/nuttx-export/libs/libnuttx.a(c-lib_syslog.o)
                0x0000000008006e34                vsyslog
 .text.syslog   0x0000000008006e52       0x1a /home/einar/px4_firmware/src/Firmware/build_px4fmu-v2_default/px4io-v2/NuttX/nuttx-export/libs/libnuttx.a(c-lib_syslog.o)
                0x0000000008006e52                syslog
 .text          0x0000000008006e6c        0x0 /home/einar/px4_firmware/src/Firmware/build_px4fmu-v2_default/px4io-v2/NuttX/nuttx-export/libs/libnuttx.a(c-lib_tcgetattr.o)
 .text.tcgetattr
                0x0000000008006e6c        0xa /home/einar/px4_firmware/src/Firmware/build_px4fmu-v2_default/px4io-v2/NuttX/nuttx-export/libs/libnuttx.a(c-lib_tcgetattr.o)
                0x0000000008006e6c                tcgetattr
 .text          0x0000000008006e76        0x0 /home/einar/px4_firmware/src/Firmware/build_px4fmu-v2_default/px4io-v2/NuttX/nuttx-export/libs/libnuttx.a(c-lib_tcsetattr.o)
 .text.tcsetattr
                0x0000000008006e76       0x10 /home/einar/px4_firmware/src/Firmware/build_px4fmu-v2_default/px4io-v2/NuttX/nuttx-export/libs/libnuttx.a(c-lib_tcsetattr.o)
                0x0000000008006e76                tcsetattr
 .text          0x0000000008006e86        0x0 /home/einar/px4_firmware/src/Firmware/build_px4fmu-v2_default/px4io-v2/NuttX/nuttx-export/libs/libnuttx.a(c-lib_vdprintf.o)
 .text.vdprintf
                0x0000000008006e86       0x20 /home/einar/px4_firmware/src/Firmware/build_px4fmu-v2_default/px4io-v2/NuttX/nuttx-export/libs/libnuttx.a(c-lib_vdprintf.o)
                0x0000000008006e86                vdprintf
 .text          0x0000000008006ea6        0x0 /home/einar/px4_firmware/src/Firmware/build_px4fmu-v2_default/px4io-v2/NuttX/nuttx-export/libs/libnuttx.a(c-lib_vsnprintf.o)
 .text.vsnprintf
                0x0000000008006ea6       0x24 /home/einar/px4_firmware/src/Firmware/build_px4fmu-v2_default/px4io-v2/NuttX/nuttx-export/libs/libnuttx.a(c-lib_vsnprintf.o)
                0x0000000008006ea6                vsnprintf
 .text          0x0000000008006eca        0x0 /home/einar/px4_firmware/src/Firmware/build_px4fmu-v2_default/px4io-v2/NuttX/nuttx-export/libs/libnuttx.a(c-sq_addafter.o)
 .text.sq_addafter
                0x0000000008006eca       0x1c /home/einar/px4_firmware/src/Firmware/build_px4fmu-v2_default/px4io-v2/NuttX/nuttx-export/libs/libnuttx.a(c-sq_addafter.o)
                0x0000000008006eca                sq_addafter
 .text          0x0000000008006ee6        0x0 /home/einar/px4_firmware/src/Firmware/build_px4fmu-v2_default/px4io-v2/NuttX/nuttx-export/libs/libnuttx.a(c-sq_addfirst.o)
 .text.sq_addfirst
                0x0000000008006ee6        0xe /home/einar/px4_firmware/src/Firmware/build_px4fmu-v2_default/px4io-v2/NuttX/nuttx-export/libs/libnuttx.a(c-sq_addfirst.o)
                0x0000000008006ee6                sq_addfirst
 .text          0x0000000008006ef4        0x0 /home/einar/px4_firmware/src/Firmware/build_px4fmu-v2_default/px4io-v2/NuttX/nuttx-export/libs/libnuttx.a(c-sq_addlast.o)
 .text.sq_addlast
                0x0000000008006ef4       0x14 /home/einar/px4_firmware/src/Firmware/build_px4fmu-v2_default/px4io-v2/NuttX/nuttx-export/libs/libnuttx.a(c-sq_addlast.o)
                0x0000000008006ef4                sq_addlast
 .text          0x0000000008006f08        0x0 /home/einar/px4_firmware/src/Firmware/build_px4fmu-v2_default/px4io-v2/NuttX/nuttx-export/libs/libnuttx.a(c-sq_rem.o)
 .text.sq_rem   0x0000000008006f08       0x2c /home/einar/px4_firmware/src/Firmware/build_px4fmu-v2_default/px4io-v2/NuttX/nuttx-export/libs/libnuttx.a(c-sq_rem.o)
                0x0000000008006f08                sq_rem
 .text          0x0000000008006f34        0x0 /home/einar/px4_firmware/src/Firmware/build_px4fmu-v2_default/px4io-v2/NuttX/nuttx-export/libs/libnuttx.a(mm-mm_calloc.o)
 .text.calloc   0x0000000008006f34        0xe /home/einar/px4_firmware/src/Firmware/build_px4fmu-v2_default/px4io-v2/NuttX/nuttx-export/libs/libnuttx.a(mm-mm_calloc.o)
                0x0000000008006f34                calloc
 .text          0x0000000008006f42        0x0 /home/einar/px4_firmware/src/Firmware/build_px4fmu-v2_default/px4io-v2/NuttX/nuttx-export/libs/libnuttx.a(mm-mm_free.o)
 *fill*         0x0000000008006f42        0x2 
 .text.free     0x0000000008006f44       0xa8 /home/einar/px4_firmware/src/Firmware/build_px4fmu-v2_default/px4io-v2/NuttX/nuttx-export/libs/libnuttx.a(mm-mm_free.o)
                0x0000000008006f44                free
 .text          0x0000000008006fec        0x0 /home/einar/px4_firmware/src/Firmware/build_px4fmu-v2_default/px4io-v2/NuttX/nuttx-export/libs/libnuttx.a(mm-mm_mallinfo.o)
 .text.mallinfo
                0x0000000008006fec       0x5c /home/einar/px4_firmware/src/Firmware/build_px4fmu-v2_default/px4io-v2/NuttX/nuttx-export/libs/libnuttx.a(mm-mm_mallinfo.o)
                0x0000000008006fec                mallinfo
 .text          0x0000000008007048        0x0 /home/einar/px4_firmware/src/Firmware/build_px4fmu-v2_default/px4io-v2/NuttX/nuttx-export/libs/libnuttx.a(mm-mm_malloc.o)
 .text.malloc   0x0000000008007048       0x94 /home/einar/px4_firmware/src/Firmware/build_px4fmu-v2_default/px4io-v2/NuttX/nuttx-export/libs/libnuttx.a(mm-mm_malloc.o)
                0x0000000008007048                malloc
 .text          0x00000000080070dc        0x0 /home/einar/px4_firmware/src/Firmware/build_px4fmu-v2_default/px4io-v2/NuttX/nuttx-export/libs/libnuttx.a(mm-mm_sem.o)
 .text.mm_seminitialize
                0x00000000080070dc       0x18 /home/einar/px4_firmware/src/Firmware/build_px4fmu-v2_default/px4io-v2/NuttX/nuttx-export/libs/libnuttx.a(mm-mm_sem.o)
                0x00000000080070dc                mm_seminitialize
 .text.mm_trysemaphore
                0x00000000080070f4       0x32 /home/einar/px4_firmware/src/Firmware/build_px4fmu-v2_default/px4io-v2/NuttX/nuttx-export/libs/libnuttx.a(mm-mm_sem.o)
                0x00000000080070f4                mm_trysemaphore
 *fill*         0x0000000008007126        0x2 
 .text.mm_takesemaphore
                0x0000000008007128       0x40 /home/einar/px4_firmware/src/Firmware/build_px4fmu-v2_default/px4io-v2/NuttX/nuttx-export/libs/libnuttx.a(mm-mm_sem.o)
                0x0000000008007128                mm_takesemaphore
 .text.mm_givesemaphore
                0x0000000008007168       0x2c /home/einar/px4_firmware/src/Firmware/build_px4fmu-v2_default/px4io-v2/NuttX/nuttx-export/libs/libnuttx.a(mm-mm_sem.o)
                0x0000000008007168                mm_givesemaphore
 .text          0x0000000008007194        0x0 /home/einar/px4_firmware/src/Firmware/build_px4fmu-v2_default/px4io-v2/NuttX/nuttx-export/libs/libnuttx.a(mm-mm_size2ndx.o)
 .text.mm_size2ndx
                0x0000000008007194       0x1a /home/einar/px4_firmware/src/Firmware/build_px4fmu-v2_default/px4io-v2/NuttX/nuttx-export/libs/libnuttx.a(mm-mm_size2ndx.o)
                0x0000000008007194                mm_size2ndx
 .text          0x00000000080071ae        0x0 /home/einar/px4_firmware/src/Firmware/build_px4fmu-v2_default/px4io-v2/NuttX/nuttx-export/libs/libnuttx.a(mm-mm_user.o)
 *fill*         0x00000000080071ae        0x2 
 .text.umm_initialize
                0x00000000080071b0       0x10 /home/einar/px4_firmware/src/Firmware/build_px4fmu-v2_default/px4io-v2/NuttX/nuttx-export/libs/libnuttx.a(mm-mm_user.o)
                0x00000000080071b0                umm_initialize
 .text.umm_addregion
                0x00000000080071c0       0x10 /home/einar/px4_firmware/src/Firmware/build_px4fmu-v2_default/px4io-v2/NuttX/nuttx-export/libs/libnuttx.a(mm-mm_user.o)
                0x00000000080071c0                umm_addregion
 .text.umm_trysemaphore
                0x00000000080071d0        0xc /home/einar/px4_firmware/src/Firmware/build_px4fmu-v2_default/px4io-v2/NuttX/nuttx-export/libs/libnuttx.a(mm-mm_user.o)
                0x00000000080071d0                umm_trysemaphore
 .text.umm_givesemaphore
                0x00000000080071dc        0xc /home/einar/px4_firmware/src/Firmware/build_px4fmu-v2_default/px4io-v2/NuttX/nuttx-export/libs/libnuttx.a(mm-mm_user.o)
                0x00000000080071dc                umm_givesemaphore
 .text          0x00000000080071e8        0x0 /home/einar/px4_firmware/src/Firmware/build_px4fmu-v2_default/px4io-v2/NuttX/nuttx-export/libs/libnuttx.a(mm-mm_zalloc.o)
 .text.zalloc   0x00000000080071e8       0x18 /home/einar/px4_firmware/src/Firmware/build_px4fmu-v2_default/px4io-v2/NuttX/nuttx-export/libs/libnuttx.a(mm-mm_zalloc.o)
                0x00000000080071e8                zalloc
 .text          0x0000000008007200        0x0 /home/einar/px4_firmware/src/Firmware/build_px4fmu-v2_default/px4io-v2/NuttX/nuttx-export/libs/libnuttx.a(arch-stm32_dma.o)
 .text.stm32_dmachandisable
                0x0000000008007200       0x20 /home/einar/px4_firmware/src/Firmware/build_px4fmu-v2_default/px4io-v2/NuttX/nuttx-export/libs/libnuttx.a(arch-stm32_dma.o)
 .text.stm32_dmainterrupt
                0x0000000008007220       0x54 /home/einar/px4_firmware/src/Firmware/build_px4fmu-v2_default/px4io-v2/NuttX/nuttx-export/libs/libnuttx.a(arch-stm32_dma.o)
 .text.up_dmainitialize
                0x0000000008007274       0x44 /home/einar/px4_firmware/src/Firmware/build_px4fmu-v2_default/px4io-v2/NuttX/nuttx-export/libs/libnuttx.a(arch-stm32_dma.o)
                0x0000000008007274                up_dmainitialize
 .text.stm32_dmachannel
                0x00000000080072b8       0x34 /home/einar/px4_firmware/src/Firmware/build_px4fmu-v2_default/px4io-v2/NuttX/nuttx-export/libs/libnuttx.a(arch-stm32_dma.o)
                0x00000000080072b8                stm32_dmachannel
 .text.stm32_dmafree
                0x00000000080072ec        0x6 /home/einar/px4_firmware/src/Firmware/build_px4fmu-v2_default/px4io-v2/NuttX/nuttx-export/libs/libnuttx.a(arch-stm32_dma.o)
                0x00000000080072ec                stm32_dmafree
 .text.stm32_dmasetup
                0x00000000080072f2       0x2a /home/einar/px4_firmware/src/Firmware/build_px4fmu-v2_default/px4io-v2/NuttX/nuttx-export/libs/libnuttx.a(arch-stm32_dma.o)
                0x00000000080072f2                stm32_dmasetup
 .text.stm32_dmastart
                0x000000000800731c       0x28 /home/einar/px4_firmware/src/Firmware/build_px4fmu-v2_default/px4io-v2/NuttX/nuttx-export/libs/libnuttx.a(arch-stm32_dma.o)
                0x000000000800731c                stm32_dmastart
 .text.stm32_dmastop
                0x0000000008007344        0x4 /home/einar/px4_firmware/src/Firmware/build_px4fmu-v2_default/px4io-v2/NuttX/nuttx-export/libs/libnuttx.a(arch-stm32_dma.o)
                0x0000000008007344                stm32_dmastop
 .text.stm32_dmaresidual
                0x0000000008007348        0x6 /home/einar/px4_firmware/src/Firmware/build_px4fmu-v2_default/px4io-v2/NuttX/nuttx-export/libs/libnuttx.a(arch-stm32_dma.o)
                0x0000000008007348                stm32_dmaresidual
 .text          0x000000000800734e        0x0 /home/einar/px4_firmware/src/Firmware/build_px4fmu-v2_default/px4io-v2/NuttX/nuttx-export/libs/libnuttx.a(arch-stm32_gpio.o)
 *fill*         0x000000000800734e        0x2 
 .text.stm32_gpioinit
                0x0000000008007350       0x10 /home/einar/px4_firmware/src/Firmware/build_px4fmu-v2_default/px4io-v2/NuttX/nuttx-export/libs/libnuttx.a(arch-stm32_gpio.o)
                0x0000000008007350                stm32_gpioinit
 .text.stm32_configgpio
                0x0000000008007360       0xc4 /home/einar/px4_firmware/src/Firmware/build_px4fmu-v2_default/px4io-v2/NuttX/nuttx-export/libs/libnuttx.a(arch-stm32_gpio.o)
                0x0000000008007360                stm32_configgpio
 .text.stm32_unconfiggpio
                0x0000000008007424        0xc /home/einar/px4_firmware/src/Firmware/build_px4fmu-v2_default/px4io-v2/NuttX/nuttx-export/libs/libnuttx.a(arch-stm32_gpio.o)
                0x0000000008007424                stm32_unconfiggpio
 .text.stm32_gpiowrite
                0x0000000008007430       0x28 /home/einar/px4_firmware/src/Firmware/build_px4fmu-v2_default/px4io-v2/NuttX/nuttx-export/libs/libnuttx.a(arch-stm32_gpio.o)
                0x0000000008007430                stm32_gpiowrite
 .text.stm32_gpioread
                0x0000000008007458       0x2c /home/einar/px4_firmware/src/Firmware/build_px4fmu-v2_default/px4io-v2/NuttX/nuttx-export/libs/libnuttx.a(arch-stm32_gpio.o)
                0x0000000008007458                stm32_gpioread
 .text          0x0000000008007484        0x0 /home/einar/px4_firmware/src/Firmware/build_px4fmu-v2_default/px4io-v2/NuttX/nuttx-export/libs/libnuttx.a(arch-stm32_irq.o)
 .text.stm32_irqinfo
                0x0000000008007484       0x68 /home/einar/px4_firmware/src/Firmware/build_px4fmu-v2_default/px4io-v2/NuttX/nuttx-export/libs/libnuttx.a(arch-stm32_irq.o)
 .text.up_irqinitialize
                0x00000000080074ec       0x68 /home/einar/px4_firmware/src/Firmware/build_px4fmu-v2_default/px4io-v2/NuttX/nuttx-export/libs/libnuttx.a(arch-stm32_irq.o)
                0x00000000080074ec                up_irqinitialize
 .text.up_disable_irq
                0x0000000008007554       0x1e /home/einar/px4_firmware/src/Firmware/build_px4fmu-v2_default/px4io-v2/NuttX/nuttx-export/libs/libnuttx.a(arch-stm32_irq.o)
                0x0000000008007554                up_disable_irq
 .text.up_enable_irq
                0x0000000008007572       0x1c /home/einar/px4_firmware/src/Firmware/build_px4fmu-v2_default/px4io-v2/NuttX/nuttx-export/libs/libnuttx.a(arch-stm32_irq.o)
                0x0000000008007572                up_enable_irq
 .text.up_maskack_irq
                0x000000000800758e        0x4 /home/einar/px4_firmware/src/Firmware/build_px4fmu-v2_default/px4io-v2/NuttX/nuttx-export/libs/libnuttx.a(arch-stm32_irq.o)
                0x000000000800758e                up_maskack_irq
 .text.up_prioritize_irq
                0x0000000008007592       0x3e /home/einar/px4_firmware/src/Firmware/build_px4fmu-v2_default/px4io-v2/NuttX/nuttx-export/libs/libnuttx.a(arch-stm32_irq.o)
                0x0000000008007592                up_prioritize_irq
 .text          0x00000000080075d0        0x0 /home/einar/px4_firmware/src/Firmware/build_px4fmu-v2_default/px4io-v2/NuttX/nuttx-export/libs/libnuttx.a(arch-stm32_serial.o)
 .text.up_restoreusartint
                0x00000000080075d0       0x26 /home/einar/px4_firmware/src/Firmware/build_px4fmu-v2_default/px4io-v2/NuttX/nuttx-export/libs/libnuttx.a(arch-stm32_serial.o)
 .text.up_set_format
                0x00000000080075f6       0x72 /home/einar/px4_firmware/src/Firmware/build_px4fmu-v2_default/px4io-v2/NuttX/nuttx-export/libs/libnuttx.a(arch-stm32_serial.o)
 .text.up_receive
                0x0000000008007668       0x16 /home/einar/px4_firmware/src/Firmware/build_px4fmu-v2_default/px4io-v2/NuttX/nuttx-export/libs/libnuttx.a(arch-stm32_serial.o)
 .text.up_rxint
                0x000000000800767e       0x2c /home/einar/px4_firmware/src/Firmware/build_px4fmu-v2_default/px4io-v2/NuttX/nuttx-export/libs/libnuttx.a(arch-stm32_serial.o)
 .text.up_rxavailable
                0x00000000080076aa        0xc /home/einar/px4_firmware/src/Firmware/build_px4fmu-v2_default/px4io-v2/NuttX/nuttx-export/libs/libnuttx.a(arch-stm32_serial.o)
 .text.up_dma_rxint
                0x00000000080076b6        0x8 /home/einar/px4_firmware/src/Firmware/build_px4fmu-v2_default/px4io-v2/NuttX/nuttx-export/libs/libnuttx.a(arch-stm32_serial.o)
 .text.up_send  0x00000000080076be        0x8 /home/einar/px4_firmware/src/Firmware/build_px4fmu-v2_default/px4io-v2/NuttX/nuttx-export/libs/libnuttx.a(arch-stm32_serial.o)
 .text.up_txready
                0x00000000080076c6        0xc /home/einar/px4_firmware/src/Firmware/build_px4fmu-v2_default/px4io-v2/NuttX/nuttx-export/libs/libnuttx.a(arch-stm32_serial.o)
 .text.up_txint
                0x00000000080076d2       0x38 /home/einar/px4_firmware/src/Firmware/build_px4fmu-v2_default/px4io-v2/NuttX/nuttx-export/libs/libnuttx.a(arch-stm32_serial.o)
 .text.up_interrupt_common
                0x000000000800770a       0x4e /home/einar/px4_firmware/src/Firmware/build_px4fmu-v2_default/px4io-v2/NuttX/nuttx-export/libs/libnuttx.a(arch-stm32_serial.o)
 .text.up_interrupt_usart3
                0x0000000008007758        0xc /home/einar/px4_firmware/src/Firmware/build_px4fmu-v2_default/px4io-v2/NuttX/nuttx-export/libs/libnuttx.a(arch-stm32_serial.o)
 .text.up_interrupt_usart2
                0x0000000008007764        0xc /home/einar/px4_firmware/src/Firmware/build_px4fmu-v2_default/px4io-v2/NuttX/nuttx-export/libs/libnuttx.a(arch-stm32_serial.o)
 .text.up_interrupt_usart1
                0x0000000008007770        0xc /home/einar/px4_firmware/src/Firmware/build_px4fmu-v2_default/px4io-v2/NuttX/nuttx-export/libs/libnuttx.a(arch-stm32_serial.o)
 .text.up_dma_receive
                0x000000000800777c       0x28 /home/einar/px4_firmware/src/Firmware/build_px4fmu-v2_default/px4io-v2/NuttX/nuttx-export/libs/libnuttx.a(arch-stm32_serial.o)
 .text.up_ioctl
                0x00000000080077a4       0xa0 /home/einar/px4_firmware/src/Firmware/build_px4fmu-v2_default/px4io-v2/NuttX/nuttx-export/libs/libnuttx.a(arch-stm32_serial.o)
 .text.up_detach
                0x0000000008007844       0x1a /home/einar/px4_firmware/src/Firmware/build_px4fmu-v2_default/px4io-v2/NuttX/nuttx-export/libs/libnuttx.a(arch-stm32_serial.o)
 .text.up_attach
                0x000000000800785e       0x1e /home/einar/px4_firmware/src/Firmware/build_px4fmu-v2_default/px4io-v2/NuttX/nuttx-export/libs/libnuttx.a(arch-stm32_serial.o)
 .text.up_setup
                0x000000000800787c       0x58 /home/einar/px4_firmware/src/Firmware/build_px4fmu-v2_default/px4io-v2/NuttX/nuttx-export/libs/libnuttx.a(arch-stm32_serial.o)
 .text.up_dma_setup
                0x00000000080078d4       0x50 /home/einar/px4_firmware/src/Firmware/build_px4fmu-v2_default/px4io-v2/NuttX/nuttx-export/libs/libnuttx.a(arch-stm32_serial.o)
 .text.up_shutdown
                0x0000000008007924       0x1c /home/einar/px4_firmware/src/Firmware/build_px4fmu-v2_default/px4io-v2/NuttX/nuttx-export/libs/libnuttx.a(arch-stm32_serial.o)
 .text.up_dma_shutdown
                0x0000000008007940       0x1a /home/einar/px4_firmware/src/Firmware/build_px4fmu-v2_default/px4io-v2/NuttX/nuttx-export/libs/libnuttx.a(arch-stm32_serial.o)
 .text.up_dma_rxavailable
                0x000000000800795a       0x18 /home/einar/px4_firmware/src/Firmware/build_px4fmu-v2_default/px4io-v2/NuttX/nuttx-export/libs/libnuttx.a(arch-stm32_serial.o)
 .text.up_dma_rxcallback
                0x0000000008007972       0x1e /home/einar/px4_firmware/src/Firmware/build_px4fmu-v2_default/px4io-v2/NuttX/nuttx-export/libs/libnuttx.a(arch-stm32_serial.o)
 .text.up_earlyserialinit
                0x0000000008007990       0x34 /home/einar/px4_firmware/src/Firmware/build_px4fmu-v2_default/px4io-v2/NuttX/nuttx-export/libs/libnuttx.a(arch-stm32_serial.o)
                0x0000000008007990                up_earlyserialinit
 .text.up_serialinit
                0x00000000080079c4       0x5c /home/einar/px4_firmware/src/Firmware/build_px4fmu-v2_default/px4io-v2/NuttX/nuttx-export/libs/libnuttx.a(arch-stm32_serial.o)
                0x00000000080079c4                up_serialinit
 .text.stm32_serial_dma_poll
                0x0000000008007a20       0x24 /home/einar/px4_firmware/src/Firmware/build_px4fmu-v2_default/px4io-v2/NuttX/nuttx-export/libs/libnuttx.a(arch-stm32_serial.o)
                0x0000000008007a20                stm32_serial_dma_poll
 .text.up_putc  0x0000000008007a44       0x3c /home/einar/px4_firmware/src/Firmware/build_px4fmu-v2_default/px4io-v2/NuttX/nuttx-export/libs/libnuttx.a(arch-stm32_serial.o)
                0x0000000008007a44                up_putc
 .text          0x0000000008007a80        0x0 /home/einar/px4_firmware/src/Firmware/build_px4fmu-v2_default/px4io-v2/NuttX/nuttx-export/libs/libnuttx.a(arch-stm32_start.o)
 .text.__start  0x0000000008007a80       0x54 /home/einar/px4_firmware/src/Firmware/build_px4fmu-v2_default/px4io-v2/NuttX/nuttx-export/libs/libnuttx.a(arch-stm32_start.o)
                0x0000000008007a80                __start
 .text          0x0000000008007ad4        0x0 /home/einar/px4_firmware/src/Firmware/build_px4fmu-v2_default/px4io-v2/NuttX/nuttx-export/libs/libnuttx.a(arch-up_assert.o)
 .text.up_stackdump
                0x0000000008007ad4       0x40 /home/einar/px4_firmware/src/Firmware/build_px4fmu-v2_default/px4io-v2/NuttX/nuttx-export/libs/libnuttx.a(arch-up_assert.o)
 .text.up_assert
                0x0000000008007b14      0x160 /home/einar/px4_firmware/src/Firmware/build_px4fmu-v2_default/px4io-v2/NuttX/nuttx-export/libs/libnuttx.a(arch-up_assert.o)
                0x0000000008007b14                up_assert
 .text          0x0000000008007c74       0x64 /home/einar/px4_firmware/src/Firmware/build_px4fmu-v2_default/px4io-v2/NuttX/nuttx-export/libs/libnuttx.a(arch-up_exception.o)
                0x0000000008007c74                exception_common
 .text          0x0000000008007cd8        0x0 /home/einar/px4_firmware/src/Firmware/build_px4fmu-v2_default/px4io-v2/NuttX/nuttx-export/libs/libnuttx.a(arch-up_hardfault.o)
 .text.up_hardfault
                0x0000000008007cd8       0x40 /home/einar/px4_firmware/src/Firmware/build_px4fmu-v2_default/px4io-v2/NuttX/nuttx-export/libs/libnuttx.a(arch-up_hardfault.o)
                0x0000000008007cd8                up_hardfault
 .text          0x0000000008007d18        0x0 /home/einar/px4_firmware/src/Firmware/build_px4fmu-v2_default/px4io-v2/NuttX/nuttx-export/libs/libnuttx.a(arch-up_modifyreg32.o)
 .text.modifyreg32
                0x0000000008007d18       0x1c /home/einar/px4_firmware/src/Firmware/build_px4fmu-v2_default/px4io-v2/NuttX/nuttx-export/libs/libnuttx.a(arch-up_modifyreg32.o)
                0x0000000008007d18                modifyreg32
 .text          0x0000000008007d34        0x0 /home/einar/px4_firmware/src/Firmware/build_px4fmu-v2_default/px4io-v2/NuttX/nuttx-export/libs/libnuttx.a(arch-up_svcall.o)
 .text.up_svcall
                0x0000000008007d34       0x34 /home/einar/px4_firmware/src/Firmware/build_px4fmu-v2_default/px4io-v2/NuttX/nuttx-export/libs/libnuttx.a(arch-up_svcall.o)
                0x0000000008007d34                up_svcall
 .text          0x0000000008007d68        0x0 /home/einar/px4_firmware/src/Firmware/build_px4fmu-v2_default/px4io-v2/NuttX/nuttx-export/libs/libnuttx.a(arch-up_systemreset.o)
 .text.up_systemreset
                0x0000000008007d68       0x1c /home/einar/px4_firmware/src/Firmware/build_px4fmu-v2_default/px4io-v2/NuttX/nuttx-export/libs/libnuttx.a(arch-up_systemreset.o)
                0x0000000008007d68                up_systemreset
 .text          0x0000000008007d84        0x0 /home/einar/px4_firmware/src/Firmware/build_px4fmu-v2_default/px4io-v2/NuttX/nuttx-export/libs/libnuttx.a(arch-up_udelay.o)
 .text.up_udelay
                0x0000000008007d84       0x64 /home/einar/px4_firmware/src/Firmware/build_px4fmu-v2_default/px4io-v2/NuttX/nuttx-export/libs/libnuttx.a(arch-up_udelay.o)
                0x0000000008007d84                up_udelay
 .text          0x0000000008007de8        0x0 /home/einar/px4_firmware/src/Firmware/build_px4fmu-v2_default/px4io-v2/NuttX/nuttx-export/libs/libnuttx.a(arch-up_vectors.o)
 .text          0x0000000008007de8        0x0 /home/einar/px4_firmware/src/Firmware/build_px4fmu-v2_default/px4io-v2/NuttX/nuttx-export/libs/libnuttx.a(cxx-libxx_cxa_atexit.o)
 .text.__cxa_atexit
                0x0000000008007de8        0x4 /home/einar/px4_firmware/src/Firmware/build_px4fmu-v2_default/px4io-v2/NuttX/nuttx-export/libs/libnuttx.a(cxx-libxx_cxa_atexit.o)
                0x0000000008007de8                __cxa_atexit
 .text          0x0000000008007dec        0x0 /home/einar/px4_firmware/src/Firmware/build_px4fmu-v2_default/px4io-v2/NuttX/nuttx-export/libs/libnuttx.a(cxx-libxx_cxapurevirtual.o)
 .text.__cxa_pure_virtual
                0x0000000008007dec       0x10 /home/einar/px4_firmware/src/Firmware/build_px4fmu-v2_default/px4io-v2/NuttX/nuttx-export/libs/libnuttx.a(cxx-libxx_cxapurevirtual.o)
                0x0000000008007dec                __cxa_pure_virtual
 .text          0x0000000008007dfc        0x0 /home/einar/px4_firmware/src/Firmware/build_px4fmu-v2_default/px4io-v2/NuttX/nuttx-export/libs/libnuttx.a(cxx-libxx_delete.o)
 .text._ZdlPv   0x0000000008007dfc        0x4 /home/einar/px4_firmware/src/Firmware/build_px4fmu-v2_default/px4io-v2/NuttX/nuttx-export/libs/libnuttx.a(cxx-libxx_delete.o)
                0x0000000008007dfc                operator delete(void*)
 .text          0x0000000008007e00        0x0 /home/einar/px4_firmware/src/Firmware/build_px4fmu-v2_default/px4io-v2/NuttX/nuttx-export/libs/libnuttx.a(cxx-libxx_eabi_atexit.o)
 .text.__aeabi_atexit
                0x0000000008007e00        0xa /home/einar/px4_firmware/src/Firmware/build_px4fmu-v2_default/px4io-v2/NuttX/nuttx-export/libs/libnuttx.a(cxx-libxx_eabi_atexit.o)
                0x0000000008007e00                __aeabi_atexit
 .text          0x0000000008007e0a        0x0 /home/einar/px4_firmware/src/Firmware/build_px4fmu-v2_default/px4io-v2/NuttX/nuttx-export/libs/libnuttx.a(cxx-libxx_new.o)
 .text._Znwj    0x0000000008007e0a        0xa /home/einar/px4_firmware/src/Firmware/build_px4fmu-v2_default/px4io-v2/NuttX/nuttx-export/libs/libnuttx.a(cxx-libxx_new.o)
                0x0000000008007e0a                operator new(unsigned int)
 .text          0x0000000008007e14        0x0 /home/einar/px4_firmware/src/Firmware/build_px4fmu-v2_default/px4io-v2/NuttX/nuttx-export/libs/libnuttx.a(fs-fs_ioctl.o)
 .text.ioctl    0x0000000008007e14       0x48 /home/einar/px4_firmware/src/Firmware/build_px4fmu-v2_default/px4io-v2/NuttX/nuttx-export/libs/libnuttx.a(fs-fs_ioctl.o)
                0x0000000008007e14                ioctl
 .text          0x0000000008007e5c        0x0 /home/einar/px4_firmware/src/Firmware/build_px4fmu-v2_default/px4io-v2/NuttX/nuttx-export/libs/libnuttx.a(fs-fs_open.o)
 .text.inode_checkflags
                0x0000000008007e5c       0x28 /home/einar/px4_firmware/src/Firmware/build_px4fmu-v2_default/px4io-v2/NuttX/nuttx-export/libs/libnuttx.a(fs-fs_open.o)
                0x0000000008007e5c                inode_checkflags
 .text.open     0x0000000008007e84       0x90 /home/einar/px4_firmware/src/Firmware/build_px4fmu-v2_default/px4io-v2/NuttX/nuttx-export/libs/libnuttx.a(fs-fs_open.o)
                0x0000000008007e84                open
 .text          0x0000000008007f14        0x0 /home/einar/px4_firmware/src/Firmware/build_px4fmu-v2_default/px4io-v2/NuttX/nuttx-export/libs/libnuttx.a(fs-fs_read.o)
 .text.read     0x0000000008007f14       0x62 /home/einar/px4_firmware/src/Firmware/build_px4fmu-v2_default/px4io-v2/NuttX/nuttx-export/libs/libnuttx.a(fs-fs_read.o)
                0x0000000008007f14                read
 .text          0x0000000008007f76        0x0 /home/einar/px4_firmware/src/Firmware/build_px4fmu-v2_default/px4io-v2/NuttX/nuttx-export/libs/libnuttx.a(fs-fs_write.o)
 .text.write    0x0000000008007f76       0x54 /home/einar/px4_firmware/src/Firmware/build_px4fmu-v2_default/px4io-v2/NuttX/nuttx-export/libs/libnuttx.a(fs-fs_write.o)
                0x0000000008007f76                write
 .text          0x0000000008007fca        0x0 /home/einar/px4_firmware/src/Firmware/build_px4fmu-v2_default/px4io-v2/NuttX/nuttx-export/libs/libnuttx.a(drivers-serialirq.o)
 .text.uart_xmitchars
                0x0000000008007fca       0x70 /home/einar/px4_firmware/src/Firmware/build_px4fmu-v2_default/px4io-v2/NuttX/nuttx-export/libs/libnuttx.a(drivers-serialirq.o)
                0x0000000008007fca                uart_xmitchars
 .text.uart_recvchars
                0x000000000800803a       0x5c /home/einar/px4_firmware/src/Firmware/build_px4fmu-v2_default/px4io-v2/NuttX/nuttx-export/libs/libnuttx.a(drivers-serialirq.o)
                0x000000000800803a                uart_recvchars
 .text          0x0000000008008096        0x0 /home/einar/px4_firmware/src/Firmware/build_px4fmu-v2_default/px4io-v2/NuttX/nuttx-export/libs/libnuttx.a(drivers-serial.o)
 .text.uart_ioctl
                0x0000000008008096       0xca /home/einar/px4_firmware/src/Firmware/build_px4fmu-v2_default/px4io-v2/NuttX/nuttx-export/libs/libnuttx.a(drivers-serial.o)
 .text.uart_takesem
                0x0000000008008160       0x30 /home/einar/px4_firmware/src/Firmware/build_px4fmu-v2_default/px4io-v2/NuttX/nuttx-export/libs/libnuttx.a(drivers-serial.o)
 .text.uart_putxmitchar
                0x0000000008008190       0x7e /home/einar/px4_firmware/src/Firmware/build_px4fmu-v2_default/px4io-v2/NuttX/nuttx-export/libs/libnuttx.a(drivers-serial.o)
 .text.uart_write
                0x000000000800820e       0xe8 /home/einar/px4_firmware/src/Firmware/build_px4fmu-v2_default/px4io-v2/NuttX/nuttx-export/libs/libnuttx.a(drivers-serial.o)
 .text.uart_read
                0x00000000080082f6       0xf4 /home/einar/px4_firmware/src/Firmware/build_px4fmu-v2_default/px4io-v2/NuttX/nuttx-export/libs/libnuttx.a(drivers-serial.o)
 .text.uart_open
                0x00000000080083ea       0xa2 /home/einar/px4_firmware/src/Firmware/build_px4fmu-v2_default/px4io-v2/NuttX/nuttx-export/libs/libnuttx.a(drivers-serial.o)
 .text.uart_close
                0x000000000800848c       0x7e /home/einar/px4_firmware/src/Firmware/build_px4fmu-v2_default/px4io-v2/NuttX/nuttx-export/libs/libnuttx.a(drivers-serial.o)
 *fill*         0x000000000800850a        0x2 
 .text.uart_register
                0x000000000800850c       0x54 /home/einar/px4_firmware/src/Firmware/build_px4fmu-v2_default/px4io-v2/NuttX/nuttx-export/libs/libnuttx.a(drivers-serial.o)
                0x000000000800850c                uart_register
 .text.uart_datareceived
                0x0000000008008560       0x10 /home/einar/px4_firmware/src/Firmware/build_px4fmu-v2_default/px4io-v2/NuttX/nuttx-export/libs/libnuttx.a(drivers-serial.o)
                0x0000000008008560                uart_datareceived
 .text.uart_datasent
                0x0000000008008570       0x10 /home/einar/px4_firmware/src/Firmware/build_px4fmu-v2_default/px4io-v2/NuttX/nuttx-export/libs/libnuttx.a(drivers-serial.o)
                0x0000000008008570                uart_datasent
 .text.uart_numrxavail
                0x0000000008008580       0x2c /home/einar/px4_firmware/src/Firmware/build_px4fmu-v2_default/px4io-v2/NuttX/nuttx-export/libs/libnuttx.a(drivers-serial.o)
                0x0000000008008580                uart_numrxavail
 .text          0x00000000080085ac        0x0 /home/einar/px4_firmware/src/Firmware/build_px4fmu-v2_default/px4io-v2/NuttX/nuttx-export/libs/libnuttx.a(sched-errno_getptr.o)
 .text.get_errno_ptr
                0x00000000080085ac       0x24 /home/einar/px4_firmware/src/Firmware/build_px4fmu-v2_default/px4io-v2/NuttX/nuttx-export/libs/libnuttx.a(sched-errno_getptr.o)
                0x00000000080085ac                get_errno_ptr
 .text          0x00000000080085d0        0x0 /home/einar/px4_firmware/src/Firmware/build_px4fmu-v2_default/px4io-v2/NuttX/nuttx-export/libs/libnuttx.a(sched-exit.o)
 .text.exit     0x00000000080085d0       0x1c /home/einar/px4_firmware/src/Firmware/build_px4fmu-v2_default/px4io-v2/NuttX/nuttx-export/libs/libnuttx.a(sched-exit.o)
                0x00000000080085d0                exit
 .text          0x00000000080085ec        0x0 /home/einar/px4_firmware/src/Firmware/build_px4fmu-v2_default/px4io-v2/NuttX/nuttx-export/libs/libnuttx.a(sched-getpid.o)
 .text.getpid   0x00000000080085ec       0x10 /home/einar/px4_firmware/src/Firmware/build_px4fmu-v2_default/px4io-v2/NuttX/nuttx-export/libs/libnuttx.a(sched-getpid.o)
                0x00000000080085ec                getpid
 .text          0x00000000080085fc        0x0 /home/einar/px4_firmware/src/Firmware/build_px4fmu-v2_default/px4io-v2/NuttX/nuttx-export/libs/libnuttx.a(sched-os_start.o)
 .text.os_start
                0x00000000080085fc      0x12c /home/einar/px4_firmware/src/Firmware/build_px4fmu-v2_default/px4io-v2/NuttX/nuttx-export/libs/libnuttx.a(sched-os_start.o)
                0x00000000080085fc                os_start
 .text          0x0000000008008728        0x0 /home/einar/px4_firmware/src/Firmware/build_px4fmu-v2_default/px4io-v2/NuttX/nuttx-export/libs/libnuttx.a(sched-sched_garbage.o)
 .text.sched_garbagecollection
                0x0000000008008728       0x2c /home/einar/px4_firmware/src/Firmware/build_px4fmu-v2_default/px4io-v2/NuttX/nuttx-export/libs/libnuttx.a(sched-sched_garbage.o)
                0x0000000008008728                sched_garbagecollection
 .text          0x0000000008008754        0x0 /home/einar/px4_firmware/src/Firmware/build_px4fmu-v2_default/px4io-v2/NuttX/nuttx-export/libs/libnuttx.a(sched-sched_getfiles.o)
 .text.sched_getfiles
                0x0000000008008754       0x10 /home/einar/px4_firmware/src/Firmware/build_px4fmu-v2_default/px4io-v2/NuttX/nuttx-export/libs/libnuttx.a(sched-sched_getfiles.o)
                0x0000000008008754                sched_getfiles
 .text          0x0000000008008764        0x0 /home/einar/px4_firmware/src/Firmware/build_px4fmu-v2_default/px4io-v2/NuttX/nuttx-export/libs/libnuttx.a(sched-sem_post.o)
 .text.sem_post
                0x0000000008008764       0x58 /home/einar/px4_firmware/src/Firmware/build_px4fmu-v2_default/px4io-v2/NuttX/nuttx-export/libs/libnuttx.a(sched-sem_post.o)
                0x0000000008008764                sem_post
 .text          0x00000000080087bc        0x0 /home/einar/px4_firmware/src/Firmware/build_px4fmu-v2_default/px4io-v2/NuttX/nuttx-export/libs/libnuttx.a(sched-sem_trywait.o)
 .text.sem_trywait
                0x00000000080087bc       0x4c /home/einar/px4_firmware/src/Firmware/build_px4fmu-v2_default/px4io-v2/NuttX/nuttx-export/libs/libnuttx.a(sched-sem_trywait.o)
                0x00000000080087bc                sem_trywait
 .text          0x0000000008008808        0x0 /home/einar/px4_firmware/src/Firmware/build_px4fmu-v2_default/px4io-v2/NuttX/nuttx-export/libs/libnuttx.a(sched-sem_wait.o)
 .text.sem_wait
                0x0000000008008808       0x84 /home/einar/px4_firmware/src/Firmware/build_px4fmu-v2_default/px4io-v2/NuttX/nuttx-export/libs/libnuttx.a(sched-sem_wait.o)
                0x0000000008008808                sem_wait
 .text          0x000000000800888c        0x0 /home/einar/px4_firmware/src/Firmware/build_px4fmu-v2_default/px4io-v2/NuttX/nuttx-export/libs/libnuttx.a(sched-task_exithook.o)
 .text.task_exithook
                0x000000000800888c       0x1e /home/einar/px4_firmware/src/Firmware/build_px4fmu-v2_default/px4io-v2/NuttX/nuttx-export/libs/libnuttx.a(sched-task_exithook.o)
                0x000000000800888c                task_exithook
 .text          0x00000000080088aa        0x0 /home/einar/px4_firmware/src/Firmware/build_px4fmu-v2_default/px4io-v2/NuttX/nuttx-export/libs/libnuttx.a(sched-task_recover.o)
 .text.task_recover
                0x00000000080088aa       0x26 /home/einar/px4_firmware/src/Firmware/build_px4fmu-v2_default/px4io-v2/NuttX/nuttx-export/libs/libnuttx.a(sched-task_recover.o)
                0x00000000080088aa                task_recover
 .text          0x00000000080088d0        0x0 /home/einar/px4_firmware/src/Firmware/build_px4fmu-v2_default/px4io-v2/NuttX/nuttx-export/libs/libnuttx.a(sched-wd_cancel.o)
 .text.wd_cancel
                0x00000000080088d0       0x64 /home/einar/px4_firmware/src/Firmware/build_px4fmu-v2_default/px4io-v2/NuttX/nuttx-export/libs/libnuttx.a(sched-wd_cancel.o)
                0x00000000080088d0                wd_cancel
 .text          0x0000000008008934        0x0 /home/einar/px4_firmware/src/Firmware/build_px4fmu-v2_default/px4io-v2/NuttX/nuttx-export/libs/libnuttx.a(sched-wd_delete.o)
 .text.wd_delete
                0x0000000008008934       0x3c /home/einar/px4_firmware/src/Firmware/build_px4fmu-v2_default/px4io-v2/NuttX/nuttx-export/libs/libnuttx.a(sched-wd_delete.o)
                0x0000000008008934                wd_delete
 .text          0x0000000008008970        0x0 /home/einar/px4_firmware/src/Firmware/build_px4fmu-v2_default/px4io-v2/NuttX/nuttx-export/libs/libnuttx.a(sched-wd_initialize.o)
 .text.wd_initialize
                0x0000000008008970       0x44 /home/einar/px4_firmware/src/Firmware/build_px4fmu-v2_default/px4io-v2/NuttX/nuttx-export/libs/libnuttx.a(sched-wd_initialize.o)
                0x0000000008008970                wd_initialize
 .text          0x00000000080089b4        0x0 /home/einar/px4_firmware/src/Firmware/build_px4fmu-v2_default/px4io-v2/NuttX/nuttx-export/libs/libnuttx.a(c-dq_addfirst.o)
 .text.dq_addfirst
                0x00000000080089b4       0x18 /home/einar/px4_firmware/src/Firmware/build_px4fmu-v2_default/px4io-v2/NuttX/nuttx-export/libs/libnuttx.a(c-dq_addfirst.o)
                0x00000000080089b4                dq_addfirst
 .text          0x00000000080089cc        0x0 /home/einar/px4_firmware/src/Firmware/build_px4fmu-v2_default/px4io-v2/NuttX/nuttx-export/libs/libnuttx.a(c-lib_cfgetspeed.o)
 .text.cfgetspeed
                0x00000000080089cc        0x4 /home/einar/px4_firmware/src/Firmware/build_px4fmu-v2_default/px4io-v2/NuttX/nuttx-export/libs/libnuttx.a(c-lib_cfgetspeed.o)
                0x00000000080089cc                cfgetspeed
 .text          0x00000000080089d0        0x0 /home/einar/px4_firmware/src/Firmware/build_px4fmu-v2_default/px4io-v2/NuttX/nuttx-export/libs/libnuttx.a(c-lib_checkbase.o)
 .text.lib_checkbase
                0x00000000080089d0       0x52 /home/einar/px4_firmware/src/Firmware/build_px4fmu-v2_default/px4io-v2/NuttX/nuttx-export/libs/libnuttx.a(c-lib_checkbase.o)
                0x00000000080089d0                lib_checkbase
 .text          0x0000000008008a22        0x0 /home/einar/px4_firmware/src/Firmware/build_px4fmu-v2_default/px4io-v2/NuttX/nuttx-export/libs/libnuttx.a(c-lib_isbasedigit.o)
 .text.lib_isbasedigit
                0x0000000008008a22       0x4e /home/einar/px4_firmware/src/Firmware/build_px4fmu-v2_default/px4io-v2/NuttX/nuttx-export/libs/libnuttx.a(c-lib_isbasedigit.o)
                0x0000000008008a22                lib_isbasedigit
 .text          0x0000000008008a70        0x0 /home/einar/px4_firmware/src/Firmware/build_px4fmu-v2_default/px4io-v2/NuttX/nuttx-export/libs/libnuttx.a(c-lib_libvsprintf.o)
 .text.utodec   0x0000000008008a70       0x24 /home/einar/px4_firmware/src/Firmware/build_px4fmu-v2_default/px4io-v2/NuttX/nuttx-export/libs/libnuttx.a(c-lib_libvsprintf.o)
 .text.utooct   0x0000000008008a94       0x1e /home/einar/px4_firmware/src/Firmware/build_px4fmu-v2_default/px4io-v2/NuttX/nuttx-export/libs/libnuttx.a(c-lib_libvsprintf.o)
 .text.utobin   0x0000000008008ab2       0x1e /home/einar/px4_firmware/src/Firmware/build_px4fmu-v2_default/px4io-v2/NuttX/nuttx-export/libs/libnuttx.a(c-lib_libvsprintf.o)
 .text.llutodec
                0x0000000008008ad0       0x42 /home/einar/px4_firmware/src/Firmware/build_px4fmu-v2_default/px4io-v2/NuttX/nuttx-export/libs/libnuttx.a(c-lib_libvsprintf.o)
 .text.llutooct
                0x0000000008008b12       0x2e /home/einar/px4_firmware/src/Firmware/build_px4fmu-v2_default/px4io-v2/NuttX/nuttx-export/libs/libnuttx.a(c-lib_libvsprintf.o)
 .text.llutobin
                0x0000000008008b40       0x26 /home/einar/px4_firmware/src/Firmware/build_px4fmu-v2_default/px4io-v2/NuttX/nuttx-export/libs/libnuttx.a(c-lib_libvsprintf.o)
 .text.prejustify
                0x0000000008008b66       0x8a /home/einar/px4_firmware/src/Firmware/build_px4fmu-v2_default/px4io-v2/NuttX/nuttx-export/libs/libnuttx.a(c-lib_libvsprintf.o)
 .text.utohex   0x0000000008008bf0       0x4c /home/einar/px4_firmware/src/Firmware/build_px4fmu-v2_default/px4io-v2/NuttX/nuttx-export/libs/libnuttx.a(c-lib_libvsprintf.o)
 .text.utoascii
                0x0000000008008c3c       0x88 /home/einar/px4_firmware/src/Firmware/build_px4fmu-v2_default/px4io-v2/NuttX/nuttx-export/libs/libnuttx.a(c-lib_libvsprintf.o)
 .text.llutohex
                0x0000000008008cc4       0x5c /home/einar/px4_firmware/src/Firmware/build_px4fmu-v2_default/px4io-v2/NuttX/nuttx-export/libs/libnuttx.a(c-lib_libvsprintf.o)
 .text.llutoascii
                0x0000000008008d20       0x92 /home/einar/px4_firmware/src/Firmware/build_px4fmu-v2_default/px4io-v2/NuttX/nuttx-export/libs/libnuttx.a(c-lib_libvsprintf.o)
 .text.postjustify
                0x0000000008008db2       0x26 /home/einar/px4_firmware/src/Firmware/build_px4fmu-v2_default/px4io-v2/NuttX/nuttx-export/libs/libnuttx.a(c-lib_libvsprintf.o)
 .text.lib_vsprintf
                0x0000000008008dd8      0x2ac /home/einar/px4_firmware/src/Firmware/build_px4fmu-v2_default/px4io-v2/NuttX/nuttx-export/libs/libnuttx.a(c-lib_libvsprintf.o)
                0x0000000008008dd8                lib_vsprintf
 .text          0x0000000008009084        0x0 /home/einar/px4_firmware/src/Firmware/build_px4fmu-v2_default/px4io-v2/NuttX/nuttx-export/libs/libnuttx.a(c-lib_lowoutstream.o)
 .text.lowoutstream_putc
                0x0000000008009084       0x16 /home/einar/px4_firmware/src/Firmware/build_px4fmu-v2_default/px4io-v2/NuttX/nuttx-export/libs/libnuttx.a(c-lib_lowoutstream.o)
 *fill*         0x000000000800909a        0x2 
 .text.lib_lowoutstream
                0x000000000800909c       0x10 /home/einar/px4_firmware/src/Firmware/build_px4fmu-v2_default/px4io-v2/NuttX/nuttx-export/libs/libnuttx.a(c-lib_lowoutstream.o)
                0x000000000800909c                lib_lowoutstream
 .text          0x00000000080090ac        0x0 /home/einar/px4_firmware/src/Firmware/build_px4fmu-v2_default/px4io-v2/NuttX/nuttx-export/libs/libnuttx.a(c-lib_memoutstream.o)
 .text.memoutstream_putc
                0x00000000080090ac       0x1a /home/einar/px4_firmware/src/Firmware/build_px4fmu-v2_default/px4io-v2/NuttX/nuttx-export/libs/libnuttx.a(c-lib_memoutstream.o)
 *fill*         0x00000000080090c6        0x2 
 .text.lib_memoutstream
                0x00000000080090c8       0x18 /home/einar/px4_firmware/src/Firmware/build_px4fmu-v2_default/px4io-v2/NuttX/nuttx-export/libs/libnuttx.a(c-lib_memoutstream.o)
                0x00000000080090c8                lib_memoutstream
 .text          0x00000000080090e0        0x0 /home/einar/px4_firmware/src/Firmware/build_px4fmu-v2_default/px4io-v2/NuttX/nuttx-export/libs/libnuttx.a(c-lib_nulloutstream.o)
 .text.nulloutstream_putc
                0x00000000080090e0        0x8 /home/einar/px4_firmware/src/Firmware/build_px4fmu-v2_default/px4io-v2/NuttX/nuttx-export/libs/libnuttx.a(c-lib_nulloutstream.o)
 .text.lib_nulloutstream
                0x00000000080090e8       0x10 /home/einar/px4_firmware/src/Firmware/build_px4fmu-v2_default/px4io-v2/NuttX/nuttx-export/libs/libnuttx.a(c-lib_nulloutstream.o)
                0x00000000080090e8                lib_nulloutstream
 .text          0x00000000080090f8        0x0 /home/einar/px4_firmware/src/Firmware/build_px4fmu-v2_default/px4io-v2/NuttX/nuttx-export/libs/libnuttx.a(c-lib_rawoutstream.o)
 .text.rawoutstream_putc
                0x00000000080090f8       0x2e /home/einar/px4_firmware/src/Firmware/build_px4fmu-v2_default/px4io-v2/NuttX/nuttx-export/libs/libnuttx.a(c-lib_rawoutstream.o)
 *fill*         0x0000000008009126        0x2 
 .text.lib_rawoutstream
                0x0000000008009128       0x10 /home/einar/px4_firmware/src/Firmware/build_px4fmu-v2_default/px4io-v2/NuttX/nuttx-export/libs/libnuttx.a(c-lib_rawoutstream.o)
                0x0000000008009128                lib_rawoutstream
 .text          0x0000000008009138        0x0 /home/einar/px4_firmware/src/Firmware/build_px4fmu-v2_default/px4io-v2/NuttX/nuttx-export/libs/libnuttx.a(c-lib_skipspace.o)
 .text.lib_skipspace
                0x0000000008009138       0x16 /home/einar/px4_firmware/src/Firmware/build_px4fmu-v2_default/px4io-v2/NuttX/nuttx-export/libs/libnuttx.a(c-lib_skipspace.o)
                0x0000000008009138                lib_skipspace
 .text          0x000000000800914e        0x0 /home/einar/px4_firmware/src/Firmware/build_px4fmu-v2_default/px4io-v2/NuttX/nuttx-export/libs/libnuttx.a(c-lib_strcpy.o)
 .text.strcpy   0x000000000800914e       0x10 /home/einar/px4_firmware/src/Firmware/build_px4fmu-v2_default/px4io-v2/NuttX/nuttx-export/libs/libnuttx.a(c-lib_strcpy.o)
                0x000000000800914e                strcpy
 .text          0x000000000800915e        0x0 /home/einar/px4_firmware/src/Firmware/build_px4fmu-v2_default/px4io-v2/NuttX/nuttx-export/libs/libnuttx.a(c-lib_strlen.o)
 .text.strlen   0x000000000800915e       0x10 /home/einar/px4_firmware/src/Firmware/build_px4fmu-v2_default/px4io-v2/NuttX/nuttx-export/libs/libnuttx.a(c-lib_strlen.o)
                0x000000000800915e                strlen
 .text          0x000000000800916e        0x0 /home/einar/px4_firmware/src/Firmware/build_px4fmu-v2_default/px4io-v2/NuttX/nuttx-export/libs/libnuttx.a(c-sem_init.o)
 .text.sem_init
                0x000000000800916e       0x1e /home/einar/px4_firmware/src/Firmware/build_px4fmu-v2_default/px4io-v2/NuttX/nuttx-export/libs/libnuttx.a(c-sem_init.o)
                0x000000000800916e                sem_init
 .text          0x000000000800918c        0x0 /home/einar/px4_firmware/src/Firmware/build_px4fmu-v2_default/px4io-v2/NuttX/nuttx-export/libs/libnuttx.a(c-sq_remafter.o)
 .text.sq_remafter
                0x000000000800918c       0x22 /home/einar/px4_firmware/src/Firmware/build_px4fmu-v2_default/px4io-v2/NuttX/nuttx-export/libs/libnuttx.a(c-sq_remafter.o)
                0x000000000800918c                sq_remafter
 .text          0x00000000080091ae        0x0 /home/einar/px4_firmware/src/Firmware/build_px4fmu-v2_default/px4io-v2/NuttX/nuttx-export/libs/libnuttx.a(c-sq_remfirst.o)
 .text.sq_remfirst
                0x00000000080091ae       0x14 /home/einar/px4_firmware/src/Firmware/build_px4fmu-v2_default/px4io-v2/NuttX/nuttx-export/libs/libnuttx.a(c-sq_remfirst.o)
                0x00000000080091ae                sq_remfirst
 .text          0x00000000080091c2        0x0 /home/einar/px4_firmware/src/Firmware/build_px4fmu-v2_default/px4io-v2/NuttX/nuttx-export/libs/libnuttx.a(mm-mm_addfreechunk.o)
 .text.mm_addfreechunk
                0x00000000080091c2       0x36 /home/einar/px4_firmware/src/Firmware/build_px4fmu-v2_default/px4io-v2/NuttX/nuttx-export/libs/libnuttx.a(mm-mm_addfreechunk.o)
                0x00000000080091c2                mm_addfreechunk
 .text          0x00000000080091f8        0x0 /home/einar/px4_firmware/src/Firmware/build_px4fmu-v2_default/px4io-v2/NuttX/nuttx-export/libs/libnuttx.a(mm-mm_initialize.o)
 .text.mm_addregion
                0x00000000080091f8       0x50 /home/einar/px4_firmware/src/Firmware/build_px4fmu-v2_default/px4io-v2/NuttX/nuttx-export/libs/libnuttx.a(mm-mm_initialize.o)
                0x00000000080091f8                mm_addregion
 .text.mm_initialize
                0x0000000008009248       0x40 /home/einar/px4_firmware/src/Firmware/build_px4fmu-v2_default/px4io-v2/NuttX/nuttx-export/libs/libnuttx.a(mm-mm_initialize.o)
                0x0000000008009248                mm_initialize
 .text          0x0000000008009288        0x0 /home/einar/px4_firmware/src/Firmware/build_px4fmu-v2_default/px4io-v2/NuttX/nuttx-export/libs/libnuttx.a(arch-stm32_allocateheap.o)
 .text.up_allocate_heap
                0x0000000008009288       0x14 /home/einar/px4_firmware/src/Firmware/build_px4fmu-v2_default/px4io-v2/NuttX/nuttx-export/libs/libnuttx.a(arch-stm32_allocateheap.o)
                0x0000000008009288                up_allocate_heap
 .text          0x000000000800929c        0x0 /home/einar/px4_firmware/src/Firmware/build_px4fmu-v2_default/px4io-v2/NuttX/nuttx-export/libs/libnuttx.a(arch-stm32_idle.o)
 .text.up_idle  0x000000000800929c        0x4 /home/einar/px4_firmware/src/Firmware/build_px4fmu-v2_default/px4io-v2/NuttX/nuttx-export/libs/libnuttx.a(arch-stm32_idle.o)
                0x000000000800929c                up_idle
 .text          0x00000000080092a0        0x0 /home/einar/px4_firmware/src/Firmware/build_px4fmu-v2_default/px4io-v2/NuttX/nuttx-export/libs/libnuttx.a(arch-stm32_lowputc.o)
 .text.up_lowputc
                0x00000000080092a0       0x18 /home/einar/px4_firmware/src/Firmware/build_px4fmu-v2_default/px4io-v2/NuttX/nuttx-export/libs/libnuttx.a(arch-stm32_lowputc.o)
                0x00000000080092a0                up_lowputc
 .text.stm32_lowsetup
                0x00000000080092b8       0x6c /home/einar/px4_firmware/src/Firmware/build_px4fmu-v2_default/px4io-v2/NuttX/nuttx-export/libs/libnuttx.a(arch-stm32_lowputc.o)
                0x00000000080092b8                stm32_lowsetup
 .text          0x0000000008009324        0x0 /home/einar/px4_firmware/src/Firmware/build_px4fmu-v2_default/px4io-v2/NuttX/nuttx-export/libs/libnuttx.a(arch-stm32_rcc.o)
 .text.stm32_clockconfig
                0x0000000008009324       0xe8 /home/einar/px4_firmware/src/Firmware/build_px4fmu-v2_default/px4io-v2/NuttX/nuttx-export/libs/libnuttx.a(arch-stm32_rcc.o)
                0x0000000008009324                stm32_clockconfig
 .text          0x000000000800940c        0x0 /home/einar/px4_firmware/src/Firmware/build_px4fmu-v2_default/px4io-v2/NuttX/nuttx-export/libs/libnuttx.a(arch-stm32_vectors.o)
 .text          0x000000000800940c        0x0 /home/einar/px4_firmware/src/Firmware/build_px4fmu-v2_default/px4io-v2/NuttX/nuttx-export/libs/libnuttx.a(arch-up_blocktask.o)
 .text.up_block_task
                0x000000000800940c       0x74 /home/einar/px4_firmware/src/Firmware/build_px4fmu-v2_default/px4io-v2/NuttX/nuttx-export/libs/libnuttx.a(arch-up_blocktask.o)
                0x000000000800940c                up_block_task
 .text          0x0000000008009480        0x0 /home/einar/px4_firmware/src/Firmware/build_px4fmu-v2_default/px4io-v2/NuttX/nuttx-export/libs/libnuttx.a(arch-up_copystate.o)
 .text.up_copystate
                0x0000000008009480       0x16 /home/einar/px4_firmware/src/Firmware/build_px4fmu-v2_default/px4io-v2/NuttX/nuttx-export/libs/libnuttx.a(arch-up_copystate.o)
                0x0000000008009480                up_copystate
 .text          0x0000000008009496        0x0 /home/einar/px4_firmware/src/Firmware/build_px4fmu-v2_default/px4io-v2/NuttX/nuttx-export/libs/libnuttx.a(arch-up_doirq.o)
 *fill*         0x0000000008009496        0x2 
 .text.up_doirq
                0x0000000008009498       0x2c /home/einar/px4_firmware/src/Firmware/build_px4fmu-v2_default/px4io-v2/NuttX/nuttx-export/libs/libnuttx.a(arch-up_doirq.o)
                0x0000000008009498                up_doirq
 .text          0x00000000080094c4        0x0 /home/einar/px4_firmware/src/Firmware/build_px4fmu-v2_default/px4io-v2/NuttX/nuttx-export/libs/libnuttx.a(arch-up_exit.o)
 .text._exit    0x00000000080094c4       0x1c /home/einar/px4_firmware/src/Firmware/build_px4fmu-v2_default/px4io-v2/NuttX/nuttx-export/libs/libnuttx.a(arch-up_exit.o)
                0x00000000080094c4                _exit
 .text          0x00000000080094e0        0xa /home/einar/px4_firmware/src/Firmware/build_px4fmu-v2_default/px4io-v2/NuttX/nuttx-export/libs/libnuttx.a(arch-up_fullcontextrestore.o)
                0x00000000080094e0                up_fullcontextrestore
 .text          0x00000000080094ea        0x0 /home/einar/px4_firmware/src/Firmware/build_px4fmu-v2_default/px4io-v2/NuttX/nuttx-export/libs/libnuttx.a(arch-up_initialize.o)
 *fill*         0x00000000080094ea        0x2 
 .text.up_initialize
                0x00000000080094ec       0x2c /home/einar/px4_firmware/src/Firmware/build_px4fmu-v2_default/px4io-v2/NuttX/nuttx-export/libs/libnuttx.a(arch-up_initialize.o)
                0x00000000080094ec                up_initialize
 .text          0x0000000008009518        0x0 /home/einar/px4_firmware/src/Firmware/build_px4fmu-v2_default/px4io-v2/NuttX/nuttx-export/libs/libnuttx.a(arch-up_initialstate.o)
 .text.up_initial_state
                0x0000000008009518       0x34 /home/einar/px4_firmware/src/Firmware/build_px4fmu-v2_default/px4io-v2/NuttX/nuttx-export/libs/libnuttx.a(arch-up_initialstate.o)
                0x0000000008009518                up_initial_state
 .text          0x000000000800954c        0x0 /home/einar/px4_firmware/src/Firmware/build_px4fmu-v2_default/px4io-v2/NuttX/nuttx-export/libs/libnuttx.a(arch-up_interruptcontext.o)
 .text.up_interrupt_context
                0x000000000800954c       0x10 /home/einar/px4_firmware/src/Firmware/build_px4fmu-v2_default/px4io-v2/NuttX/nuttx-export/libs/libnuttx.a(arch-up_interruptcontext.o)
                0x000000000800954c                up_interrupt_context
 .text          0x000000000800955c        0x0 /home/einar/px4_firmware/src/Firmware/build_px4fmu-v2_default/px4io-v2/NuttX/nuttx-export/libs/libnuttx.a(arch-up_mdelay.o)
 .text.up_mdelay
                0x000000000800955c       0x28 /home/einar/px4_firmware/src/Firmware/build_px4fmu-v2_default/px4io-v2/NuttX/nuttx-export/libs/libnuttx.a(arch-up_mdelay.o)
                0x000000000800955c                up_mdelay
 .text          0x0000000008009584        0xc /home/einar/px4_firmware/src/Firmware/build_px4fmu-v2_default/px4io-v2/NuttX/nuttx-export/libs/libnuttx.a(arch-up_switchcontext.o)
                0x0000000008009584                up_switchcontext
 .text          0x0000000008009590        0x0 /home/einar/px4_firmware/src/Firmware/build_px4fmu-v2_default/px4io-v2/NuttX/nuttx-export/libs/libnuttx.a(arch-up_unblocktask.o)
 .text.up_unblock_task
                0x0000000008009590       0x54 /home/einar/px4_firmware/src/Firmware/build_px4fmu-v2_default/px4io-v2/NuttX/nuttx-export/libs/libnuttx.a(arch-up_unblocktask.o)
                0x0000000008009590                up_unblock_task
 .text          0x00000000080095e4        0x0 /home/einar/px4_firmware/src/Firmware/build_px4fmu-v2_default/px4io-v2/NuttX/nuttx-export/libs/libnuttx.a(fs-fs_files.o)
 .text._files_close
                0x00000000080095e4       0x2a /home/einar/px4_firmware/src/Firmware/build_px4fmu-v2_default/px4io-v2/NuttX/nuttx-export/libs/libnuttx.a(fs-fs_files.o)
 *fill*         0x000000000800960e        0x2 
 .text._files_semtake
                0x0000000008009610       0x24 /home/einar/px4_firmware/src/Firmware/build_px4fmu-v2_default/px4io-v2/NuttX/nuttx-export/libs/libnuttx.a(fs-fs_files.o)
 .text.files_initialize
                0x0000000008009634        0x2 /home/einar/px4_firmware/src/Firmware/build_px4fmu-v2_default/px4io-v2/NuttX/nuttx-export/libs/libnuttx.a(fs-fs_files.o)
                0x0000000008009634                files_initialize
 .text.files_initlist
                0x0000000008009636        0x8 /home/einar/px4_firmware/src/Firmware/build_px4fmu-v2_default/px4io-v2/NuttX/nuttx-export/libs/libnuttx.a(fs-fs_files.o)
                0x0000000008009636                files_initlist
 .text.files_releaselist
                0x000000000800963e       0x20 /home/einar/px4_firmware/src/Firmware/build_px4fmu-v2_default/px4io-v2/NuttX/nuttx-export/libs/libnuttx.a(fs-fs_files.o)
                0x000000000800963e                files_releaselist
 .text.files_dup
                0x000000000800965e       0x80 /home/einar/px4_firmware/src/Firmware/build_px4fmu-v2_default/px4io-v2/NuttX/nuttx-export/libs/libnuttx.a(fs-fs_files.o)
                0x000000000800965e                files_dup
 .text.files_allocate
                0x00000000080096de       0x56 /home/einar/px4_firmware/src/Firmware/build_px4fmu-v2_default/px4io-v2/NuttX/nuttx-export/libs/libnuttx.a(fs-fs_files.o)
                0x00000000080096de                files_allocate
 .text.files_close
                0x0000000008009734       0x3a /home/einar/px4_firmware/src/Firmware/build_px4fmu-v2_default/px4io-v2/NuttX/nuttx-export/libs/libnuttx.a(fs-fs_files.o)